2026-09-14T08:39:27.437Z  1789375167.438  ARTIFACT_IDENTITY MATCH size=37380096 sha256=d347cc1907563afd2c8faa0d07cafed5904985514c346434c8a774c14418e925
2026-09-14T08:39:27.730Z  1789375167.731  PREFLIGHT product=thyme
2026-09-14T08:39:27.730Z  1789375167.731  PREFLIGHT unlocked=yes
2026-09-14T08:39:27.730Z  1789375167.731  PREFLIGHT current-slot=a
2026-09-14T08:39:27.730Z  1789375167.731  PREFLIGHT snapshot-update-status=none
2026-09-14T08:39:27.730Z  1789375167.731  PREFLIGHT battery-soc-ok=yes
2026-09-14T08:39:27.730Z  1789375167.731  PREFLIGHT battery-voltage=4413
2026-09-14T08:39:27.730Z  1789375167.731  PREFLIGHT max-download-size=805306368
2026-09-14T08:39:27.730Z  1789375167.731  PREFLIGHT slot-retry-count:a=6
2026-09-14T08:39:27.730Z  1789375167.731  PREFLIGHT slot-unbootable:a=no
2026-09-14T08:39:27.730Z  1789375167.731  PREFLIGHT slot-successful:a=yes
2026-09-14T08:39:27.730Z  1789375167.731  PREFLIGHT slot-retry-count:b=7
2026-09-14T08:39:27.730Z  1789375167.731  PREFLIGHT slot-unbootable:b=no
2026-09-14T08:39:27.730Z  1789375167.731  PREFLIGHT slot-successful:b=no

R3 P1B T2-8 __PRIMARY_SWITCHED REACHABILITY CHECK
ACTIVE SLOT:
A
PARTITION WRITES:
0
SET_ACTIVE:
NO
EXPERIMENTAL BOOTS:
1
SECOND BOOT:
FORBIDDEN
CHECKPOINT:
__primary_switched first instruction (INLINE in kernel .head.text; nothing before it is modified)
DELAY:
8s CNTPCT register-only
RESET:
PSCI SYSTEM_RESET 0x84000009 smc, wfe fail-closed
RUNTIME SEMANTIC DELTA:
PRIMARY_SWITCHED_REACHABILITY_CHECKPOINT_ONLY
T2_DIAGNOSTIC_ONLY:
YES (T2_NORMAL_KERNEL_BOOT_CANDIDATE=NO; a positive proves R3 address reachability and the normal primary_entry path up to T2)
PRIMARY TIMING:
T2_MINUS_T1 matched control (T1_REFERENCE_TOTAL 14.238s; STRONG +-1.0s, SUPPORTED +-2.0s, early class < 20s)
SECOND CROSS-CHECK:
T2_MINUS_T0 vs 14.252s
SECONDARY:
T2_PROGRAMMED_ESTIMATE = T2_TOTAL - 6.1445 (~8s)
COMMAND: fastboot boot <exact-T2-boot.img>
FORBIDDEN: flash erase set_active second boot T3 FIX24 M5N

2026-09-14T08:39:28.138Z  1789375168.139  USB_BEFORE_BOOT usb=18d1:d00d
2026-09-14T08:39:28.138Z  1789375168.139  T_COMMAND_START
2026-09-14T08:39:28.160Z  1789375168.160  FASTBOOT_OUT < waiting for any device >
2026-09-14T08:39:30.093Z  1789375170.093  FASTBOOT_OUT Sending 'boot.img' (36504 KB)                      OKAY [  0.915s]
2026-09-14T08:39:30.093Z  1789375170.093  T_SENDING_OKAY
2026-09-14T08:39:30.313Z  1789375170.313  FASTBOOT_OUT Booting                                            OKAY [  0.220s]
2026-09-14T08:39:30.313Z  1789375170.313  T_BOOTING_OKAY
2026-09-14T08:39:30.314Z  1789375170.314  FASTBOOT_OUT Finished. Total time: 1.147s
2026-09-14T08:39:30.315Z  1789375170.316  FASTBOOT_BOOT_EXIT rc=0 sending_ok=True booting_ok=True fail=False
2026-09-14T08:39:31.657Z  1789375171.658  T_FASTBOOT_DISAPPEAR
2026-09-14T08:39:31.674Z  1789375171.674  T_USB_NONE
2026-09-14T08:39:52.117Z  1789375192.117  T_USB_FIRST_REENUM usb=18d1:4ee7
2026-09-14T08:39:52.573Z  1789375192.573  T_ADB_FIRST_SEEN
2026-09-14T08:39:52.832Z  1789375192.832  ADB_FIRST_SNAPSHOT host_before=2026-09-14T08:39:52.573Z host_after=2026-09-14T08:39:52.615Z proc_uptime=8.02 kernel_start=2026-09-14T08:39:44.553Z slot=_a uname=Linux localhost 4.19.157-perf-g9d90dd04aa7c #1 SMP PREEMPT Mon Sep 4 10:51:57 UTC 2023 aarch64 Toybox uid=uid=0(root) gid=0(root) groups=0(root) context=u:r:magisk:s0 boot_completed=None bootreason=NA
2026-09-14T08:39:52.832Z  1789375192.832  RETURNED_ANDROID_KERNEL_START=2026-09-14T08:39:44.553Z T2_BOOTING_TO_RETURNED_KERNEL_START=14.240 (primary T2 timing product; no overhead model applied)
2026-09-14T08:40:01.988Z  1789375201.988  T_BOOT_COMPLETED
2026-09-14T08:40:02.058Z  1789375202.059  ANDROID_BOOT_COMPLETED_OBSERVED
2026-09-14T08:40:02.377Z  1789375202.377  BOOT_COMPLETED_SNAPSHOT host_before=2026-09-14T08:40:02.019Z host_after=2026-09-14T08:40:02.057Z proc_uptime=17.46 kernel_start=2026-09-14T08:39:44.559Z slot=_a uname=Linux localhost 4.19.157-perf-g9d90dd04aa7c #1 SMP PREEMPT Mon Sep 4 10:51:57 UTC 2023 aarch64 Toybox uid=uid=0(root) gid=0(root) groups=0(root) context=u:r:magisk:s0 boot_completed=1 bootreason=bootloader
2026-09-14T08:40:02.377Z  1789375202.377  RETURNED_ANDROID_KERNEL_START=2026-09-14T08:39:44.559Z T2_BOOTING_TO_RETURNED_KERNEL_START=14.246 (primary T2 timing product; no overhead model applied)
2026-09-14T08:40:02.969Z  1789375202.969  SUMMARY T_COMMAND_START=2026-09-14T08:39:28.138Z
2026-09-14T08:40:02.969Z  1789375202.970  SUMMARY T_SENDING_OKAY=2026-09-14T08:39:30.093Z
2026-09-14T08:40:02.969Z  1789375202.970  SUMMARY T_BOOTING_OKAY=2026-09-14T08:39:30.313Z
2026-09-14T08:40:02.969Z  1789375202.970  SUMMARY T_FASTBOOT_DISAPPEAR=2026-09-14T08:39:31.657Z
2026-09-14T08:40:02.969Z  1789375202.970  SUMMARY T_USB_NONE=2026-09-14T08:39:31.674Z
2026-09-14T08:40:02.969Z  1789375202.970  SUMMARY T_USB_FIRST_REENUM=2026-09-14T08:39:52.117Z
2026-09-14T08:40:02.969Z  1789375202.970  SUMMARY T_ADB_FIRST_SEEN=2026-09-14T08:39:52.573Z
2026-09-14T08:40:02.969Z  1789375202.970  SUMMARY T_BOOT_COMPLETED=2026-09-14T08:40:01.988Z
2026-09-14T08:40:02.969Z  1789375202.970  SUMMARY RETURNED_ANDROID_KERNEL_START=2026-09-14T08:39:44.553Z
2026-09-14T08:40:02.969Z  1789375202.970  SUMMARY kernel_host_before=2026-09-14T08:39:52.573Z proc_uptime=8.02
2026-09-14T08:40:02.969Z  1789375202.970  SUMMARY FASTBOOT_TRANSIENT=False t=NA
2026-09-14T08:40:02.969Z  1789375202.970  SUMMARY P1B_AUTOMATIC_FASTBOOT_RETURN=False t=NA
2026-09-14T08:40:02.969Z  1789375202.970  SUMMARY RECOVERY_KIND=AUTOMATIC_ANDROID_RETURN
2026-09-14T08:40:02.969Z  1789375202.970  SUMMARY T2_DIAGNOSTIC_ONLY=YES T2_NORMAL_KERNEL_BOOT_CANDIDATE=NO
2026-09-14T08:40:02.969Z  1789375202.970  SUMMARY T2_BOOTING_TO_RETURNED_KERNEL_START=14.240
2026-09-14T08:40:02.969Z  1789375202.970  SUMMARY T1_REFERENCE_TOTAL=14.238 (PRIMARY matched-control reference)
2026-09-14T08:40:02.969Z  1789375202.970  SUMMARY T2_MINUS_T1=+0.002 (STRONG <=1.0s, SUPPORTED <=2.0s)
2026-09-14T08:40:02.969Z  1789375202.970  SUMMARY T0_REFERENCE_TOTAL=14.252 (SECOND matched reference; observed T1_MINUS_T0=-0.014s)
2026-09-14T08:40:02.969Z  1789375202.970  SUMMARY T2_MINUS_T0=-0.012 (second cross-check <=2.0s)
2026-09-14T08:40:02.969Z  1789375202.970  SUMMARY T2_EARLY_RETURN_CLASS_MATCH=YES (limit 20.0s)
2026-09-14T08:40:02.969Z  1789375202.970  SUMMARY T2_PROGRAMMED_ESTIMATE=8.095 (SECONDARY cross-check; ref overhead 6.1445s; expected ~8.0s; NOT the primary reference)
2026-09-14T08:40:02.969Z  1789375202.970  SUMMARY T2_REACHABILITY_SIGNATURE=STRONG case=T2_A_STRONG reason=T1_MATCHED_CONTROL+EARLY_RETURN_CLASS+AUTOMATIC_RESET+T0_CROSSCHECK_OK
2026-09-14T08:40:02.969Z  1789375202.970  SUMMARY R3_PRIMARY_SWITCHED_REACHABILITY=PROVEN
2026-09-14T08:40:02.969Z  1789375202.970  SUMMARY T2_PRECHECKPOINT_HEADS_PATH_IDENTICAL_TO_FIX8=YES (R3 PREDEVICE gate; the device round must re-confirm it)
2026-09-14T08:40:02.970Z  1789375202.970  SUMMARY E1_NORMAL_PRIMARY_ENTRY_EXECUTION=PROVEN (allowed ONLY because the pre-checkpoint head.S path is byte-identical to FIX8)
2026-09-14T08:40:02.970Z  1789375202.970  SUMMARY E2_EARLY_MAINLINE_BOOT=NOT_PROVEN (the frozen E2 definition is NOT satisfied by a head.S/MMU transition alone; never auto-upgraded)
2026-09-14T08:40:02.970Z  1789375202.970  SUMMARY PRIMARY_SWITCHED_ADDRESS_REACHED=PROVEN
2026-09-14T08:40:02.970Z  1789375202.970  SUMMARY T2_NEXT_STEP=MAINLINE_V2_R3_P1B_T3_PREDEVICE_READINESS_CI
2026-09-14T08:40:02.970Z  1789375202.970  ELAPSED_BOOTING_TO_ADB=22.260
2026-09-14T08:40:02.970Z  1789375202.970  ELAPSED_DISAPPEAR_TO_ADB=20.916
2026-09-14T08:40:02.970Z  1789375202.970  ELAPSED_BOOTING_TO_BOOT_COMPLETED=31.675
2026-09-14T08:40:02.970Z  1789375202.970  FINAL_USB=18d1:4ee7
2026-09-14T08:40:03.018Z  1789375203.018  FINAL_FASTBOOT=False FINAL_ADB=True
2026-09-14T08:40:03.018Z  1789375203.018  FINAL_SLOT=_a UNAME=Linux localhost 4.19.157-perf-g9d90dd04aa7c #1 SMP PREEMPT Mon Sep 4 10:51:57 UTC 2023 aarch64 Toybox UID=uid=0(root) gid=0(root) groups=0(root) context=u:r:magisk:s0 BOOTREASON=bootloader
