2026-09-13T23:09:31.811Z  1789340971.812  ARTIFACT_IDENTITY MATCH size=37380096 sha256=8d7648e4c2713aab8bf27b9f53ffad861b21ff593a23c684631598f62e2cfdc1
2026-09-13T23:09:32.073Z  1789340972.074  PREFLIGHT product=thyme
2026-09-13T23:09:32.073Z  1789340972.074  PREFLIGHT unlocked=yes
2026-09-13T23:09:32.073Z  1789340972.074  PREFLIGHT current-slot=a
2026-09-13T23:09:32.073Z  1789340972.074  PREFLIGHT snapshot-update-status=none
2026-09-13T23:09:32.073Z  1789340972.074  PREFLIGHT battery-soc-ok=yes
2026-09-13T23:09:32.073Z  1789340972.074  PREFLIGHT battery-voltage=4355
2026-09-13T23:09:32.073Z  1789340972.074  PREFLIGHT max-download-size=805306368
2026-09-13T23:09:32.073Z  1789340972.074  PREFLIGHT slot-retry-count:a=6
2026-09-13T23:09:32.073Z  1789340972.074  PREFLIGHT slot-unbootable:a=no
2026-09-13T23:09:32.073Z  1789340972.074  PREFLIGHT slot-successful:a=yes
2026-09-13T23:09:32.073Z  1789340972.074  PREFLIGHT slot-retry-count:b=7
2026-09-13T23:09:32.073Z  1789340972.074  PREFLIGHT slot-unbootable:b=no
2026-09-13T23:09:32.073Z  1789340972.074  PREFLIGHT slot-successful:b=no

R3 P1B T0-8 TRAMPOLINE CHECKPOINT REACH-AND-RESET
ACTIVE SLOT:
A
PARTITION WRITES:
0
SET_ACTIVE:
NO
EXPERIMENTAL BOOTS:
1
SECOND BOOT:
FORBIDDEN
CHECKPOINT:
trampoline-internal, after x0-x3 setup
DELAY:
8s CNTPCT register-only
RESET:
PSCI SYSTEM_RESET 0x84000009 smc, wfe fail-closed
RUNTIME SEMANTIC DELTA:
TRAMPOLINE_CHECKPOINT_RESET_ONLY
PRIMARY TIMING:
BOOTING_OKAY -> RETURNED ANDROID KERNEL START
DECODER:
SUPPORTING ONLY (6.1445s ref overhead; STRONG +-1.5s, SUPPORTED +-3.0s, early class < 20s)
COMMAND: fastboot boot <exact-T0-boot.img>
FORBIDDEN: flash erase set_active second boot T1 T2 FIX24 M5N

2026-09-13T23:09:32.484Z  1789340972.484  USB_BEFORE_BOOT usb=18d1:d00d
2026-09-13T23:09:32.484Z  1789340972.484  T_COMMAND_START
2026-09-13T23:09:33.521Z  1789340973.522  FASTBOOT_OUT Sending 'boot.img' (36504 KB)                      OKAY [  1.010s]
2026-09-13T23:09:33.521Z  1789340973.522  T_SENDING_OKAY
2026-09-13T23:09:33.741Z  1789340973.742  FASTBOOT_OUT Booting                                            OKAY [  0.220s]
2026-09-13T23:09:33.741Z  1789340973.742  T_BOOTING_OKAY
2026-09-13T23:09:33.742Z  1789340973.743  FASTBOOT_OUT Finished. Total time: 1.239s
2026-09-13T23:09:33.743Z  1789340973.744  FASTBOOT_BOOT_EXIT rc=0 sending_ok=True booting_ok=True fail=False
2026-09-13T23:09:35.172Z  1789340975.173  T_FASTBOOT_DISAPPEAR
2026-09-13T23:09:35.295Z  1789340975.295  T_USB_NONE
2026-09-13T23:09:55.173Z  1789340995.174  T_USB_FIRST_REENUM usb=18d1:4ee7
2026-09-13T23:09:55.474Z  1789340995.474  T_ADB_FIRST_SEEN
2026-09-13T23:09:55.736Z  1789340995.737  ADB_FIRST_SNAPSHOT host_before=2026-09-13T23:09:55.474Z host_after=2026-09-13T23:09:55.519Z proc_uptime=7.48 kernel_start=2026-09-13T23:09:47.994Z slot=_a uname=Linux localhost 4.19.157-perf-g9d90dd04aa7c #1 SMP PREEMPT Mon Sep 4 10:51:57 UTC 2023 aarch64 Toybox uid=uid=0(root) gid=0(root) groups=0(root) context=u:r:magisk:s0 boot_completed=None bootreason=NA
2026-09-13T23:09:55.736Z  1789340995.737  RETURNED_ANDROID_KERNEL_START=2026-09-13T23:09:47.994Z T0_BOOTING_TO_RETURNED_KERNEL_START=14.252 (primary T0 timing product; no overhead model applied)
2026-09-13T23:10:06.056Z  1789341006.057  T_BOOT_COMPLETED
2026-09-13T23:10:06.210Z  1789341006.210  ANDROID_BOOT_COMPLETED_OBSERVED
2026-09-13T23:10:06.386Z  1789341006.386  BOOT_COMPLETED_SNAPSHOT host_before=2026-09-13T23:10:06.087Z host_after=2026-09-13T23:10:06.116Z proc_uptime=18.08 kernel_start=2026-09-13T23:09:48.007Z slot=_a uname=Linux localhost 4.19.157-perf-g9d90dd04aa7c #1 SMP PREEMPT Mon Sep 4 10:51:57 UTC 2023 aarch64 Toybox uid=uid=0(root) gid=0(root) groups=0(root) context=u:r:magisk:s0 boot_completed=1 bootreason=bootloader
2026-09-13T23:10:06.386Z  1789341006.386  RETURNED_ANDROID_KERNEL_START=2026-09-13T23:09:48.007Z T0_BOOTING_TO_RETURNED_KERNEL_START=14.266 (primary T0 timing product; no overhead model applied)
2026-09-13T23:10:07.130Z  1789341007.131  SUMMARY T_COMMAND_START=2026-09-13T23:09:32.484Z
2026-09-13T23:10:07.131Z  1789341007.131  SUMMARY T_SENDING_OKAY=2026-09-13T23:09:33.521Z
2026-09-13T23:10:07.131Z  1789341007.131  SUMMARY T_BOOTING_OKAY=2026-09-13T23:09:33.741Z
2026-09-13T23:10:07.131Z  1789341007.131  SUMMARY T_FASTBOOT_DISAPPEAR=2026-09-13T23:09:35.172Z
2026-09-13T23:10:07.131Z  1789341007.131  SUMMARY T_USB_NONE=2026-09-13T23:09:35.295Z
2026-09-13T23:10:07.131Z  1789341007.132  SUMMARY T_USB_FIRST_REENUM=2026-09-13T23:09:55.173Z
2026-09-13T23:10:07.131Z  1789341007.132  SUMMARY T_ADB_FIRST_SEEN=2026-09-13T23:09:55.474Z
2026-09-13T23:10:07.131Z  1789341007.132  SUMMARY T_BOOT_COMPLETED=2026-09-13T23:10:06.056Z
2026-09-13T23:10:07.131Z  1789341007.132  SUMMARY RETURNED_ANDROID_KERNEL_START=2026-09-13T23:09:47.994Z
2026-09-13T23:10:07.131Z  1789341007.132  SUMMARY kernel_host_before=2026-09-13T23:09:55.474Z proc_uptime=7.48
2026-09-13T23:10:07.132Z  1789341007.132  SUMMARY FASTBOOT_TRANSIENT=False t=NA
2026-09-13T23:10:07.132Z  1789341007.132  SUMMARY P1B_AUTOMATIC_FASTBOOT_RETURN=False t=NA
2026-09-13T23:10:07.132Z  1789341007.132  SUMMARY RECOVERY_KIND=AUTOMATIC_ANDROID_RETURN
2026-09-13T23:10:07.132Z  1789341007.132  SUMMARY T0_BOOTING_TO_RETURNED_KERNEL_START=14.252
2026-09-13T23:10:07.132Z  1789341007.132  SUMMARY T0_PROGRAMMED_ESTIMATE=8.108 (SUPPORTING DECODER; ref overhead 6.1445s; NOT a strict invariant)
2026-09-13T23:10:07.132Z  1789341007.132  SUMMARY T0_WINDOW=STRONG
2026-09-13T23:10:07.132Z  1789341007.132  SUMMARY T0_EARLY_RETURN_CLASS_MATCH=YES (limit 20.0s)
2026-09-13T23:10:07.132Z  1789341007.133  SUMMARY T0_REACHABILITY_SIGNATURE=STRONG reason=TIMER_SIGNATURE+EARLY_RETURN_CLASS+AUTOMATIC_RESET
2026-09-13T23:10:07.132Z  1789341007.133  SUMMARY T0_NEXT_STEP=MAINLINE_V2_R3_P1B_T1_PREDEVICE_READINESS_CI
2026-09-13T23:10:07.132Z  1789341007.133  ELAPSED_BOOTING_TO_ADB=21.732
2026-09-13T23:10:07.132Z  1789341007.133  ELAPSED_DISAPPEAR_TO_ADB=20.301
2026-09-13T23:10:07.132Z  1789341007.133  ELAPSED_BOOTING_TO_BOOT_COMPLETED=32.315
2026-09-13T23:10:07.132Z  1789341007.133  FINAL_USB=18d1:4ee7
2026-09-13T23:10:07.186Z  1789341007.186  FINAL_FASTBOOT=False FINAL_ADB=True
2026-09-13T23:10:07.186Z  1789341007.186  FINAL_SLOT=_a UNAME=Linux localhost 4.19.157-perf-g9d90dd04aa7c #1 SMP PREEMPT Mon Sep 4 10:51:57 UTC 2023 aarch64 Toybox UID=uid=0(root) gid=0(root) groups=0(root) context=u:r:magisk:s0 BOOTREASON=bootloader
