R3 P1B T4 TRUE DEVICE CONTROL
SELECTED STAGE:
C6_PARSE_ARGS_COMPLETE
TARGET:
POST parse_args("Booting kernel")
CALLSITE:
0xffff800081b304a4
CHECKPOINT:
0xffff800081b304a8
CHECKPOINT OFFSET:
0x1b304a8
START_KERNEL ORIGINAL:
RESTORED
T3 PROBE:
REMOVED
DELAY:
8s
RESET:
PSCI SYSTEM_RESET
FAIL CLOSED:
YES
T3 REFERENCE:
14.238s
STRONG:
±1.5s
SUPPORTED:
±3.0s
ACTIVE SLOT:
A
PARTITION WRITES:
0
EXPERIMENTAL BOOTS:
1
SECOND BOOT:
FORBIDDEN
C3:
NOT AUTHORIZED
C_DELAY:
NOT AUTHORIZED
T5:
NOT AUTHORIZED

2026-09-14T22:52:25.334Z  1789426345.334  ARTIFACT_IDENTITY MATCH size=37380096 sha256=3827fc0fe4216d7d18ccd2a60ea610a6bd10b2afa269e741923ca3bbc566849d
2026-09-14T22:52:25.584Z  1789426345.585  PREFLIGHT product=thyme
2026-09-14T22:52:25.584Z  1789426345.585  PREFLIGHT unlocked=yes
2026-09-14T22:52:25.584Z  1789426345.585  PREFLIGHT current-slot=a
2026-09-14T22:52:25.584Z  1789426345.585  PREFLIGHT snapshot-update-status=none
2026-09-14T22:52:25.584Z  1789426345.585  PREFLIGHT battery-soc-ok=yes
2026-09-14T22:52:25.584Z  1789426345.585  PREFLIGHT battery-voltage=4412
2026-09-14T22:52:25.584Z  1789426345.585  PREFLIGHT max-download-size=805306368
2026-09-14T22:52:25.584Z  1789426345.585  PREFLIGHT slot-retry-count:a=6
2026-09-14T22:52:25.584Z  1789426345.585  PREFLIGHT slot-unbootable:a=no
2026-09-14T22:52:25.585Z  1789426345.585  PREFLIGHT slot-successful:a=yes
2026-09-14T22:52:25.585Z  1789426345.585  PREFLIGHT slot-retry-count:b=7
2026-09-14T22:52:25.585Z  1789426345.585  PREFLIGHT slot-unbootable:b=no
2026-09-14T22:52:25.585Z  1789426345.585  PREFLIGHT slot-successful:b=no

R3 P1B T4-8 POST-STAGE C CHECKPOINT
ACTIVE SLOT:
A
PARTITION WRITES:
0
SET_ACTIVE:
NO
SLOT_A_WRITTEN:
NO
EXPERIMENTAL BOOTS:
1
SECOND BOOT:
FORBIDDEN
FASTBOOT_BOOT_ONLY:
YES
SELECTED STAGE:
C6_PARSE_ARGS_COMPLETE
CHECKPOINT:
first insn AFTER the selected C-stage BL returns (INLINE; T3 start_kernel entry probe removed; T2 __primary_switched probe removed)
DELAY:
8s CNTPCT register-only
RESET:
PSCI SYSTEM_RESET 0x84000009 smc, wfe fail-closed
RUNTIME SEMANTIC DELTA:
POST_PARSE_ARGS_CHECKPOINT_ONLY or POST_SETUP_ARCH_CHECKPOINT_ONLY
T4_DIAGNOSTIC_ONLY:
YES (T4_NORMAL_KERNEL_BOOT_CANDIDATE=NO; a STRONG C6 proves parse_args complete and body-to-C6; R5 full body stays NOT_PROVEN)
PRIMARY TIMING:
T4_MINUS_T3 matched control (T3_REFERENCE_TOTAL 14.238s; STRONG +-1.5s, SUPPORTED +-3.0s, early class < 20s)
SECONDARY CROSS-CHECKS:
T4_MINUS_T2 vs 14.240s, T4_MINUS_T1 vs 14.238s, T4_MINUS_T0 vs 14.252s (each <= 3.0s, must not contradict)
SECONDARY:
T4_PROGRAMMED_ESTIMATE = T4_TOTAL - 6.1445 (~8s)
T4_NOT_REACHED_LICENSE:
NO (always)
COMMAND: fastboot boot <exact-T4-boot>
FORBIDDEN: flash erase set_active second boot C_DELAY FIX24 M5N

2026-09-14T22:52:25.991Z  1789426345.991  USB_BEFORE_BOOT usb=18d1:d00d
2026-09-14T22:52:25.991Z  1789426345.991  T_COMMAND_START
2026-09-14T22:52:26.927Z  1789426346.927  FASTBOOT_OUT Sending 'boot.img' (36504 KB)                      OKAY [  0.903s]
2026-09-14T22:52:26.927Z  1789426346.927  T_SENDING_OKAY
2026-09-14T22:52:27.147Z  1789426347.148  FASTBOOT_OUT Booting                                            OKAY [  0.221s]
2026-09-14T22:52:27.147Z  1789426347.148  T_BOOTING_OKAY
2026-09-14T22:52:27.149Z  1789426347.149  FASTBOOT_OUT Finished. Total time: 1.134s
2026-09-14T22:52:27.150Z  1789426347.151  FASTBOOT_BOOT_EXIT rc=0 sending_ok=True booting_ok=True fail=False
2026-09-14T22:52:28.577Z  1789426348.577  T_FASTBOOT_DISAPPEAR
2026-09-14T22:52:28.725Z  1789426348.725  T_USB_NONE
2026-09-14T22:52:48.906Z  1789426368.906  T_USB_FIRST_REENUM usb=18d1:4ee7
2026-09-14T22:52:49.142Z  1789426369.143  T_ADB_FIRST_SEEN
2026-09-14T22:52:49.315Z  1789426369.316  ADB_FIRST_SNAPSHOT host_before=2026-09-14T22:52:49.142Z host_after=2026-09-14T22:52:49.167Z proc_uptime=7.61 kernel_start=2026-09-14T22:52:41.532Z slot=_a uname=Linux localhost 4.19.157-perf-g9d90dd04aa7c #1 SMP PREEMPT Mon Sep 4 10:51:57 UTC 2023 aarch64 Toybox uid=uid=0(root) gid=0(root) groups=0(root) context=u:r:magisk:s0 boot_completed=None bootreason=NA
2026-09-14T22:52:49.315Z  1789426369.316  RETURNED_ANDROID_KERNEL_START=2026-09-14T22:52:41.532Z T4_BOOTING_TO_RETURNED_KERNEL_START=14.385 (primary T4 timing product; no overhead model applied)
2026-09-14T22:52:59.274Z  1789426379.274  T_BOOT_COMPLETED
2026-09-14T22:52:59.396Z  1789426379.396  ANDROID_BOOT_COMPLETED_OBSERVED
2026-09-14T22:52:59.686Z  1789426379.687  BOOT_COMPLETED_SNAPSHOT host_before=2026-09-14T22:52:59.353Z host_after=2026-09-14T22:52:59.384Z proc_uptime=17.83 kernel_start=2026-09-14T22:52:41.523Z slot=_a uname=Linux localhost 4.19.157-perf-g9d90dd04aa7c #1 SMP PREEMPT Mon Sep 4 10:51:57 UTC 2023 aarch64 Toybox uid=uid=0(root) gid=0(root) groups=0(root) context=u:r:magisk:s0 boot_completed=1 bootreason=bootloader
2026-09-14T22:52:59.686Z  1789426379.687  RETURNED_ANDROID_KERNEL_START=2026-09-14T22:52:41.523Z T4_BOOTING_TO_RETURNED_KERNEL_START=14.375 (primary T4 timing product; no overhead model applied)
2026-09-14T22:53:00.303Z  1789426380.304  SUMMARY T_COMMAND_START=2026-09-14T22:52:25.991Z
2026-09-14T22:53:00.303Z  1789426380.304  SUMMARY T_SENDING_OKAY=2026-09-14T22:52:26.927Z
2026-09-14T22:53:00.303Z  1789426380.304  SUMMARY T_BOOTING_OKAY=2026-09-14T22:52:27.147Z
2026-09-14T22:53:00.303Z  1789426380.304  SUMMARY T_FASTBOOT_DISAPPEAR=2026-09-14T22:52:28.577Z
2026-09-14T22:53:00.303Z  1789426380.304  SUMMARY T_USB_NONE=2026-09-14T22:52:28.725Z
2026-09-14T22:53:00.303Z  1789426380.304  SUMMARY T_USB_FIRST_REENUM=2026-09-14T22:52:48.906Z
2026-09-14T22:53:00.303Z  1789426380.304  SUMMARY T_ADB_FIRST_SEEN=2026-09-14T22:52:49.142Z
2026-09-14T22:53:00.303Z  1789426380.304  SUMMARY T_BOOT_COMPLETED=2026-09-14T22:52:59.274Z
2026-09-14T22:53:00.303Z  1789426380.304  SUMMARY RETURNED_ANDROID_KERNEL_START=2026-09-14T22:52:41.532Z
2026-09-14T22:53:00.303Z  1789426380.304  SUMMARY kernel_host_before=2026-09-14T22:52:49.142Z proc_uptime=7.61
2026-09-14T22:53:00.303Z  1789426380.304  SUMMARY FASTBOOT_TRANSIENT=False t=NA
2026-09-14T22:53:00.303Z  1789426380.304  SUMMARY P1B_AUTOMATIC_FASTBOOT_RETURN=False t=NA
2026-09-14T22:53:00.303Z  1789426380.304  SUMMARY RECOVERY_KIND=AUTOMATIC_ANDROID_RETURN
2026-09-14T22:53:00.303Z  1789426380.304  SUMMARY T4_DIAGNOSTIC_ONLY=YES T4_NORMAL_KERNEL_BOOT_CANDIDATE=NO
2026-09-14T22:53:00.303Z  1789426380.304  SUMMARY T4_NOT_REACHED_LICENSE=NO
2026-09-14T22:53:00.303Z  1789426380.304  SUMMARY T4_SELECTED_STAGE=C6_PARSE_ARGS_COMPLETE
2026-09-14T22:53:00.303Z  1789426380.304  SUMMARY T4_BOOTING_TO_RETURNED_KERNEL_START=14.385
2026-09-14T22:53:00.304Z  1789426380.304  SUMMARY T3_REFERENCE_TOTAL=14.238 (PRIMARY matched-control reference; T3 true-device total)
2026-09-14T22:53:00.304Z  1789426380.304  SUMMARY T4_MINUS_T3=+0.147 (STRONG <=1.5s, SUPPORTED <=3.0s)
2026-09-14T22:53:00.304Z  1789426380.304  SUMMARY T2_REFERENCE_TOTAL=14.240 (SECONDARY matched reference)
2026-09-14T22:53:00.304Z  1789426380.304  SUMMARY T4_MINUS_T2=+0.145 (secondary cross-check <=3.0s)
2026-09-14T22:53:00.304Z  1789426380.304  SUMMARY T1_REFERENCE_TOTAL=14.238 (SECONDARY matched reference)
2026-09-14T22:53:00.304Z  1789426380.304  SUMMARY T4_MINUS_T1=+0.147 (secondary cross-check <=3.0s)
2026-09-14T22:53:00.304Z  1789426380.304  SUMMARY T0_REFERENCE_TOTAL=14.252 (SECONDARY matched reference)
2026-09-14T22:53:00.304Z  1789426380.304  SUMMARY T4_MINUS_T0=+0.133 (secondary cross-check <=3.0s)
2026-09-14T22:53:00.304Z  1789426380.304  SUMMARY T4_EARLY_RETURN_CLASS_MATCH=YES (limit 20.0s)
2026-09-14T22:53:00.304Z  1789426380.304  SUMMARY T4_PROGRAMMED_ESTIMATE=8.240 (SECONDARY cross-check; ref overhead 6.1445s; expected ~8.0s; NOT the primary reference)
2026-09-14T22:53:00.304Z  1789426380.304  SUMMARY T4_REACHABILITY_SIGNATURE=STRONG case=T4_A_STRONG reason=T3_MATCHED_CONTROL+EARLY_RETURN_CLASS+AUTOMATIC_RESET+T2_T1_T0_CROSSCHECK_OK
2026-09-14T22:53:00.304Z  1789426380.304  SUMMARY C6_PARSE_ARGS_COMPLETE_REACHED=PROVEN
2026-09-14T22:53:00.304Z  1789426380.304  SUMMARY NORMAL_START_KERNEL_BODY_TO_C6_EXECUTED=PROVEN
2026-09-14T22:53:00.304Z  1789426380.304  SUMMARY PANIC_PARAMETER_PARSED_BY_RUNNING_KERNEL=PROVEN
2026-09-14T22:53:00.304Z  1789426380.304  SUMMARY RDINIT_PARAMETER_PARSED_BY_RUNNING_KERNEL=PROVEN
2026-09-14T22:53:00.304Z  1789426380.304  SUMMARY CALIBRATE_DELAY=NOT_PROVEN
2026-09-14T22:53:00.304Z  1789426380.304  SUMMARY REST_INIT=NOT_PROVEN
2026-09-14T22:53:00.304Z  1789426380.304  SUMMARY INITRAMFS=NOT_PROVEN
2026-09-14T22:53:00.304Z  1789426380.304  SUMMARY INIT_EXEC=/init=NOT_PROVEN
2026-09-14T22:53:00.304Z  1789426380.304  SUMMARY E2_EARLY_MAINLINE_BOOT=NOT_PROVEN
2026-09-14T22:53:00.304Z  1789426380.304  SUMMARY R5_NORMAL_START_KERNEL_BODY=NOT_PROVEN (full body remains NOT_PROVEN; body-to-C6 is the proven slice)
2026-09-14T22:53:00.304Z  1789426380.304  SUMMARY R6=NOT_PROVEN
2026-09-14T22:53:00.304Z  1789426380.304  SUMMARY R7=NOT_PROVEN
2026-09-14T22:53:00.304Z  1789426380.305  SUMMARY T4_NEXT_STEP=MAINLINE_V2_R3_P1B_C_DELAY_PREDEVICE_READINESS_CI
2026-09-14T22:53:00.304Z  1789426380.305  ELAPSED_BOOTING_TO_ADB=21.995
2026-09-14T22:53:00.304Z  1789426380.305  ELAPSED_DISAPPEAR_TO_ADB=20.565
2026-09-14T22:53:00.304Z  1789426380.305  ELAPSED_BOOTING_TO_BOOT_COMPLETED=32.126
2026-09-14T22:53:00.304Z  1789426380.305  FINAL_USB=18d1:4ee7
2026-09-14T22:53:00.350Z  1789426380.351  FINAL_FASTBOOT=False FINAL_ADB=True
2026-09-14T22:53:00.351Z  1789426380.351  FINAL_SLOT=_a UNAME=Linux localhost 4.19.157-perf-g9d90dd04aa7c #1 SMP PREEMPT Mon Sep 4 10:51:57 UTC 2023 aarch64 Toybox UID=uid=0(root) gid=0(root) groups=0(root) context=u:r:magisk:s0 BOOTREASON=bootloader
OBSERVER_EXIT=0 2026-09-14T22:53:00Z
