R3 P1B T3 TRUE DEVICE CONTROL
TARGET:
start_kernel ADDRESS
TARGET VA:
0xffff800081b303c0
TARGET OFFSET:
0x1b303c0
CALL TYPE:
DIRECT BL
ENTRY0:
paciasp PRESERVED
NORMAL BODY AFTER ENTRY:
DIAGNOSTICALLY REPLACED
DELAY:
8s
RESET:
PSCI SYSTEM_RESET
FAIL CLOSED:
YES
T2 REFERENCE:
14.240s
T1 REFERENCE:
14.238s
T0 REFERENCE:
14.252s
ACTIVE SLOT:
A
PARTITION WRITES:
0
EXPERIMENTAL BOOTS:
1
SECOND BOOT:
FORBIDDEN
T4:
NOT AUTHORIZED

2026-09-14T15:03:32.506Z  1789398212.507  ARTIFACT_IDENTITY MATCH size=37380096 sha256=d80b9ba20e0ebd10d61592e28d0a6a8ee243d631ed5395628101b51f26a889df
2026-09-14T15:03:32.947Z  1789398212.948  PREFLIGHT product=thyme
2026-09-14T15:03:32.947Z  1789398212.948  PREFLIGHT unlocked=yes
2026-09-14T15:03:32.947Z  1789398212.948  PREFLIGHT current-slot=a
2026-09-14T15:03:32.947Z  1789398212.948  PREFLIGHT snapshot-update-status=none
2026-09-14T15:03:32.947Z  1789398212.948  PREFLIGHT battery-soc-ok=yes
2026-09-14T15:03:32.947Z  1789398212.948  PREFLIGHT battery-voltage=4359
2026-09-14T15:03:32.947Z  1789398212.948  PREFLIGHT max-download-size=805306368
2026-09-14T15:03:32.947Z  1789398212.948  PREFLIGHT slot-retry-count:a=6
2026-09-14T15:03:32.947Z  1789398212.948  PREFLIGHT slot-unbootable:a=no
2026-09-14T15:03:32.947Z  1789398212.948  PREFLIGHT slot-successful:a=yes
2026-09-14T15:03:32.947Z  1789398212.948  PREFLIGHT slot-retry-count:b=7
2026-09-14T15:03:32.947Z  1789398212.948  PREFLIGHT slot-unbootable:b=no
2026-09-14T15:03:32.947Z  1789398212.948  PREFLIGHT slot-successful:b=no

R3 P1B T3-8 START_KERNEL ENTRY REACHABILITY CHECK
ACTIVE SLOT:
A
PARTITION WRITES:
0
SET_ACTIVE:
NO
SLOT_A_WRITTEN:
NO
EXPERIMENTAL BOOTS:
1
SECOND BOOT:
FORBIDDEN
FASTBOOT_BOOT_ONLY:
YES
CHECKPOINT:
start_kernel function entry (INLINE; diagnostic checkpoint moved from __primary_switched to start_kernel)
DELAY:
8s CNTPCT register-only
RESET:
PSCI SYSTEM_RESET 0x84000009 smc, wfe fail-closed
RUNTIME SEMANTIC DELTA:
START_KERNEL_ADDRESS_REACHABILITY_CHECKPOINT_ONLY
T3_DIAGNOSTIC_ONLY:
YES (T3_NORMAL_KERNEL_BOOT_CANDIDATE=NO; a positive proves R3 start_kernel address reachability and the normal primary_entry -> __primary_switched -> start_kernel path up to T3)
PRIMARY TIMING:
T3_MINUS_T2 matched control (T2_REFERENCE_TOTAL 14.240s; STRONG +-1.0s, SUPPORTED +-2.0s, early class < 20s)
SECONDARY CROSS-CHECKS:
T3_MINUS_T1 vs 14.238s, T3_MINUS_T0 vs 14.252s (each <= 2.0s, must not contradict)
SECONDARY:
T3_PROGRAMMED_ESTIMATE = T3_TOTAL - 6.1445 (~8s)
COMMAND: fastboot boot <exact-T3-boot.img>
FORBIDDEN: flash erase set_active second boot T4 FIX24 M5N

2026-09-14T15:03:33.355Z  1789398213.355  USB_BEFORE_BOOT usb=18d1:d00d
2026-09-14T15:03:33.355Z  1789398213.355  T_COMMAND_START
2026-09-14T15:03:34.299Z  1789398214.299  FASTBOOT_OUT Sending 'boot.img' (36504 KB)                      OKAY [  0.916s]
2026-09-14T15:03:34.299Z  1789398214.299  T_SENDING_OKAY
2026-09-14T15:03:34.519Z  1789398214.519  FASTBOOT_OUT Booting                                            OKAY [  0.220s]
2026-09-14T15:03:34.519Z  1789398214.519  T_BOOTING_OKAY
2026-09-14T15:03:34.520Z  1789398214.520  FASTBOOT_OUT Finished. Total time: 1.145s
2026-09-14T15:03:34.521Z  1789398214.521  FASTBOOT_BOOT_EXIT rc=0 sending_ok=True booting_ok=True fail=False
2026-09-14T15:03:35.773Z  1789398215.774  T_USB_NONE
2026-09-14T15:03:35.782Z  1789398215.782  T_FASTBOOT_DISAPPEAR
2026-09-14T15:03:55.872Z  1789398235.872  T_USB_FIRST_REENUM usb=18d1:4ee7
2026-09-14T15:03:56.157Z  1789398236.157  T_ADB_FIRST_SEEN
2026-09-14T15:03:56.519Z  1789398236.520  ADB_FIRST_SNAPSHOT host_before=2026-09-14T15:03:56.157Z host_after=2026-09-14T15:03:56.212Z proc_uptime=7.4 kernel_start=2026-09-14T15:03:48.757Z slot=_a uname=Linux localhost 4.19.157-perf-g9d90dd04aa7c #1 SMP PREEMPT Mon Sep 4 10:51:57 UTC 2023 aarch64 Toybox uid=uid=0(root) gid=0(root) groups=0(root) context=u:r:magisk:s0 boot_completed=None bootreason=NA
2026-09-14T15:03:56.519Z  1789398236.520  RETURNED_ANDROID_KERNEL_START=2026-09-14T15:03:48.757Z T3_BOOTING_TO_RETURNED_KERNEL_START=14.238 (primary T3 timing product; no overhead model applied)
2026-09-14T15:04:07.592Z  1789398247.592  T_BOOT_COMPLETED
2026-09-14T15:04:07.738Z  1789398247.739  ANDROID_BOOT_COMPLETED_OBSERVED
2026-09-14T15:04:08.124Z  1789398248.124  BOOT_COMPLETED_SNAPSHOT host_before=2026-09-14T15:04:07.644Z host_after=2026-09-14T15:04:07.683Z proc_uptime=18.87 kernel_start=2026-09-14T15:03:48.774Z slot=_a uname=Linux localhost 4.19.157-perf-g9d90dd04aa7c #1 SMP PREEMPT Mon Sep 4 10:51:57 UTC 2023 aarch64 Toybox uid=uid=0(root) gid=0(root) groups=0(root) context=u:r:magisk:s0 boot_completed=1 bootreason=bootloader
2026-09-14T15:04:08.124Z  1789398248.124  RETURNED_ANDROID_KERNEL_START=2026-09-14T15:03:48.774Z T3_BOOTING_TO_RETURNED_KERNEL_START=14.255 (primary T3 timing product; no overhead model applied)
2026-09-14T15:04:08.650Z  1789398248.650  SUMMARY T_COMMAND_START=2026-09-14T15:03:33.355Z
2026-09-14T15:04:08.650Z  1789398248.650  SUMMARY T_SENDING_OKAY=2026-09-14T15:03:34.299Z
2026-09-14T15:04:08.650Z  1789398248.650  SUMMARY T_BOOTING_OKAY=2026-09-14T15:03:34.519Z
2026-09-14T15:04:08.650Z  1789398248.651  SUMMARY T_FASTBOOT_DISAPPEAR=2026-09-14T15:03:35.782Z
2026-09-14T15:04:08.650Z  1789398248.651  SUMMARY T_USB_NONE=2026-09-14T15:03:35.773Z
2026-09-14T15:04:08.650Z  1789398248.651  SUMMARY T_USB_FIRST_REENUM=2026-09-14T15:03:55.872Z
2026-09-14T15:04:08.650Z  1789398248.651  SUMMARY T_ADB_FIRST_SEEN=2026-09-14T15:03:56.157Z
2026-09-14T15:04:08.650Z  1789398248.651  SUMMARY T_BOOT_COMPLETED=2026-09-14T15:04:07.592Z
2026-09-14T15:04:08.650Z  1789398248.651  SUMMARY RETURNED_ANDROID_KERNEL_START=2026-09-14T15:03:48.757Z
2026-09-14T15:04:08.650Z  1789398248.651  SUMMARY kernel_host_before=2026-09-14T15:03:56.157Z proc_uptime=7.4
2026-09-14T15:04:08.650Z  1789398248.651  SUMMARY FASTBOOT_TRANSIENT=False t=NA
2026-09-14T15:04:08.651Z  1789398248.651  SUMMARY P1B_AUTOMATIC_FASTBOOT_RETURN=False t=NA
2026-09-14T15:04:08.651Z  1789398248.651  SUMMARY RECOVERY_KIND=AUTOMATIC_ANDROID_RETURN
2026-09-14T15:04:08.651Z  1789398248.651  SUMMARY T3_DIAGNOSTIC_ONLY=YES T3_NORMAL_KERNEL_BOOT_CANDIDATE=NO
2026-09-14T15:04:08.651Z  1789398248.651  SUMMARY T3_BOOTING_TO_RETURNED_KERNEL_START=14.238
2026-09-14T15:04:08.651Z  1789398248.651  SUMMARY T2_REFERENCE_TOTAL=14.240 (PRIMARY matched-control reference; T2 true-device total)
2026-09-14T15:04:08.651Z  1789398248.651  SUMMARY T3_MINUS_T2=-0.002 (STRONG <=1.0s, SUPPORTED <=2.0s)
2026-09-14T15:04:08.651Z  1789398248.651  SUMMARY T1_REFERENCE_TOTAL=14.238 (SECONDARY matched reference)
2026-09-14T15:04:08.651Z  1789398248.651  SUMMARY T3_MINUS_T1=+0.000 (secondary cross-check <=2.0s)
2026-09-14T15:04:08.651Z  1789398248.651  SUMMARY T0_REFERENCE_TOTAL=14.252 (SECONDARY matched reference)
2026-09-14T15:04:08.651Z  1789398248.651  SUMMARY T3_MINUS_T0=-0.014 (secondary cross-check <=2.0s)
2026-09-14T15:04:08.651Z  1789398248.651  SUMMARY T3_EARLY_RETURN_CLASS_MATCH=YES (limit 20.0s)
2026-09-14T15:04:08.651Z  1789398248.651  SUMMARY T3_PROGRAMMED_ESTIMATE=8.094 (SECONDARY cross-check; ref overhead 6.1445s; expected ~8.0s; NOT the primary reference)
2026-09-14T15:04:08.651Z  1789398248.651  SUMMARY T3_REACHABILITY_SIGNATURE=STRONG case=T3_A_STRONG reason=T2_MATCHED_CONTROL+EARLY_RETURN_CLASS+AUTOMATIC_RESET+T1_T0_CROSSCHECK_OK
2026-09-14T15:04:08.651Z  1789398248.651  SUMMARY R3_START_KERNEL_ADDRESS_REACHABILITY=PROVEN
2026-09-14T15:04:08.651Z  1789398248.651  SUMMARY T3_PRECHECKPOINT_HEADS_PATH_IDENTICAL_TO_FIX8=YES (R3 PREDEVICE gate; the device round must re-confirm it)
2026-09-14T15:04:08.651Z  1789398248.651  SUMMARY START_KERNEL_ADDRESS_REACHED=PROVEN
2026-09-14T15:04:08.651Z  1789398248.651  SUMMARY NORMAL_PRIMARY_SWITCHED_TO_START_KERNEL_PATH_EXECUTED=PROVEN
2026-09-14T15:04:08.651Z  1789398248.651  SUMMARY R4=PROVEN
2026-09-14T15:04:08.651Z  1789398248.652  SUMMARY R5_NORMAL_START_KERNEL_BODY=NOT_PROVEN (R5 stays NOT_PROVEN; a STRONG signature proves only start_kernel ADDRESS reachability, not its body)
2026-09-14T15:04:08.651Z  1789398248.652  SUMMARY E2_EARLY_MAINLINE_BOOT=NOT_PROVEN (the frozen E2 definition is NOT satisfied by a head.S/MMU transition alone; never auto-upgraded)
2026-09-14T15:04:08.651Z  1789398248.652  SUMMARY T3_NEXT_STEP=MAINLINE_V2_R3_P1B_T4_PREDEVICE_READINESS_CI
2026-09-14T15:04:08.651Z  1789398248.652  ELAPSED_BOOTING_TO_ADB=21.638
2026-09-14T15:04:08.651Z  1789398248.652  ELAPSED_DISAPPEAR_TO_ADB=20.375
2026-09-14T15:04:08.651Z  1789398248.652  ELAPSED_BOOTING_TO_BOOT_COMPLETED=33.073
2026-09-14T15:04:08.651Z  1789398248.652  FINAL_USB=18d1:4ee7
2026-09-14T15:04:08.694Z  1789398248.694  FINAL_FASTBOOT=False FINAL_ADB=True
2026-09-14T15:04:08.694Z  1789398248.694  FINAL_SLOT=_a UNAME=Linux localhost 4.19.157-perf-g9d90dd04aa7c #1 SMP PREEMPT Mon Sep 4 10:51:57 UTC 2023 aarch64 Toybox UID=uid=0(root) gid=0(root) groups=0(root) context=u:r:magisk:s0 BOOTREASON=bootloader
OBSERVER_EXIT=0
