R3 P1B C_DELAY TRUE DEVICE CONTROL
TARGET:
CALIBRATE_DELAY COMPLETE
CALIBRATE_DELAY:
0xffff800080014760
CALLSITE:
0xffff800081b30624
POSTCALL CHECKPOINT:
0xffff800081b30628
CHECKPOINT OFFSET:
0x1b30628
T4 C6 PROBE:
REMOVED
NORMAL C PATH:
UNCHANGED TO CHECKPOINT
DELAY:
8s
RESET:
PSCI SYSTEM_RESET
FAIL CLOSED:
YES
T4 REFERENCE:
14.385s
STRONG:
±1.5s
SUPPORTED:
±3.0s
ACTIVE SLOT:
A
PARTITION WRITES:
0
EXPERIMENTAL BOOTS:
1
SECOND BOOT:
FORBIDDEN
PANIC30:
NOT AUTHORIZED
T5:
NOT AUTHORIZED

2026-09-15T02:00:54.501Z  1789437654.501  ARTIFACT_IDENTITY MATCH size=37380096 sha256=d9f01bff4a7ff0d2fe580867a72a47c4a3d15930c388a99f2402835912847b02
2026-09-15T02:00:54.792Z  1789437654.793  PREFLIGHT product=thyme
2026-09-15T02:00:54.792Z  1789437654.793  PREFLIGHT unlocked=yes
2026-09-15T02:00:54.792Z  1789437654.793  PREFLIGHT current-slot=a
2026-09-15T02:00:54.792Z  1789437654.793  PREFLIGHT snapshot-update-status=none
2026-09-15T02:00:54.792Z  1789437654.793  PREFLIGHT battery-soc-ok=yes
2026-09-15T02:00:54.792Z  1789437654.793  PREFLIGHT battery-voltage=4412
2026-09-15T02:00:54.792Z  1789437654.793  PREFLIGHT max-download-size=805306368
2026-09-15T02:00:54.792Z  1789437654.793  PREFLIGHT slot-retry-count:a=6
2026-09-15T02:00:54.792Z  1789437654.793  PREFLIGHT slot-unbootable:a=no
2026-09-15T02:00:54.792Z  1789437654.793  PREFLIGHT slot-successful:a=yes
2026-09-15T02:00:54.792Z  1789437654.793  PREFLIGHT slot-retry-count:b=7
2026-09-15T02:00:54.792Z  1789437654.793  PREFLIGHT slot-unbootable:b=no
2026-09-15T02:00:54.792Z  1789437654.793  PREFLIGHT slot-successful:b=no

R3 P1B C_DELAY-8 CALIBRATE_DELAY COMPLETE CHECKPOINT
ACTIVE SLOT:
A
PARTITION WRITES:
0
SET_ACTIVE:
NO
SLOT_A_WRITTEN:
NO
EXPERIMENTAL BOOTS:
1
SECOND BOOT:
FORBIDDEN
FASTBOOT_BOOT_ONLY:
YES
SELECTED STAGE:
C_DELAY_CALIBRATE_DELAY_COMPLETE
CHECKPOINT:\nfirst insn AFTER calibrate_delay BL returns (INLINE; T4 C6 probe removed; T3 start_kernel entry restored; T2 __primary_switched unpatched)\nDELAY:\n8s CNTPCT register-only\nRESET:\nPSCI SYSTEM_RESET 0x84000009 smc, wfe fail-closed\nRUNTIME SEMANTIC DELTA:\nPOST_CALIBRATE_DELAY_CHECKPOINT_ONLY\nC_DELAY_DIAGNOSTIC_ONLY:\nYES (C_DELAY_NORMAL_KERNEL_BOOT_CANDIDATE=NO; a STRONG C_DELAY proves calibrate_delay complete and body-to-C_DELAY; panic() reached stays NOT_PROVEN; R5 full body stays NOT_PROVEN)\nPRIMARY TIMING:\nC_DELAY_MINUS_T4 matched control (T4_REFERENCE_TOTAL 14.385s; STRONG +-1.5s, SUPPORTED +-3.0s, early class < 20s)\nSECONDARY CROSS-CHECKS:\nC_DELAY_MINUS_T3 vs 14.238s, C_DELAY_MINUS_T2 vs 14.240s, C_DELAY_MINUS_T1 vs 14.238s, C_DELAY_MINUS_T0 vs 14.252s\nSECONDARY:\nC_DELAY_PROGRAMMED_ESTIMATE = C_DELAY_TOTAL - 6.1445 (~8s)\nC_DELAY_NOT_REACHED_LICENSE:\nNO (always)\nCOMMAND: fastboot boot <exact-C_DELAY-boot>\nFORBIDDEN: flash erase set_active second boot T4 T3 T2 T1 T0 FIX8 PANIC30 FIX24 M5N\n
2026-09-15T02:00:55.200Z  1789437655.200  USB_BEFORE_BOOT usb=18d1:d00d
2026-09-15T02:00:55.200Z  1789437655.200  T_COMMAND_START
2026-09-15T02:00:56.151Z  1789437656.152  FASTBOOT_OUT Sending 'boot.img' (36504 KB)                      OKAY [  0.920s]
2026-09-15T02:00:56.151Z  1789437656.152  T_SENDING_OKAY
2026-09-15T02:00:56.371Z  1789437656.371  FASTBOOT_OUT Booting                                            OKAY [  0.220s]
2026-09-15T02:00:56.371Z  1789437656.371  T_BOOTING_OKAY
2026-09-15T02:00:56.372Z  1789437656.372  FASTBOOT_OUT Finished. Total time: 1.150s
2026-09-15T02:00:56.373Z  1789437656.374  FASTBOOT_BOOT_EXIT rc=0 sending_ok=True booting_ok=True fail=False
2026-09-15T02:00:57.745Z  1789437657.745  T_USB_NONE
2026-09-15T02:00:57.761Z  1789437657.761  T_FASTBOOT_DISAPPEAR
2026-09-15T02:01:18.345Z  1789437678.345  T_USB_FIRST_REENUM usb=18d1:4ee7
2026-09-15T02:01:18.945Z  1789437678.945  T_ADB_FIRST_SEEN
2026-09-15T02:01:19.239Z  1789437679.239  ADB_FIRST_SNAPSHOT host_before=2026-09-15T02:01:18.945Z host_after=2026-09-15T02:01:18.992Z proc_uptime=8.11 kernel_start=2026-09-15T02:01:10.835Z slot=_a uname=Linux localhost 4.19.157-perf-g9d90dd04aa7c #1 SMP PREEMPT Mon Sep 4 10:51:57 UTC 2023 aarch64 Toybox uid=uid=0(root) gid=0(root) groups=0(root) context=u:r:magisk:s0 boot_completed=None bootreason=NA
2026-09-15T02:01:19.239Z  1789437679.239  RETURNED_ANDROID_KERNEL_START=2026-09-15T02:01:10.835Z C_DELAY_BOOTING_TO_RETURNED_KERNEL_START=14.464 (primary T4 timing product; no overhead model applied)
2026-09-15T02:01:29.196Z  1789437689.196  T_BOOT_COMPLETED
2026-09-15T02:01:29.400Z  1789437689.400  ANDROID_BOOT_COMPLETED_OBSERVED
2026-09-15T02:01:29.550Z  1789437689.551  BOOT_COMPLETED_SNAPSHOT host_before=2026-09-15T02:01:29.255Z host_after=2026-09-15T02:01:29.295Z proc_uptime=18.41 kernel_start=2026-09-15T02:01:10.845Z slot=_a uname=Linux localhost 4.19.157-perf-g9d90dd04aa7c #1 SMP PREEMPT Mon Sep 4 10:51:57 UTC 2023 aarch64 Toybox uid=uid=0(root) gid=0(root) groups=0(root) context=u:r:magisk:s0 boot_completed=1 bootreason=bootloader
2026-09-15T02:01:29.550Z  1789437689.551  RETURNED_ANDROID_KERNEL_START=2026-09-15T02:01:10.845Z C_DELAY_BOOTING_TO_RETURNED_KERNEL_START=14.474 (primary T4 timing product; no overhead model applied)
2026-09-15T02:01:30.308Z  1789437690.308  SUMMARY T_COMMAND_START=2026-09-15T02:00:55.200Z
2026-09-15T02:01:30.308Z  1789437690.308  SUMMARY T_SENDING_OKAY=2026-09-15T02:00:56.151Z
2026-09-15T02:01:30.308Z  1789437690.308  SUMMARY T_BOOTING_OKAY=2026-09-15T02:00:56.371Z
2026-09-15T02:01:30.308Z  1789437690.309  SUMMARY T_FASTBOOT_DISAPPEAR=2026-09-15T02:00:57.761Z
2026-09-15T02:01:30.308Z  1789437690.309  SUMMARY T_USB_NONE=2026-09-15T02:00:57.745Z
2026-09-15T02:01:30.312Z  1789437690.313  SUMMARY T_USB_FIRST_REENUM=2026-09-15T02:01:18.345Z
2026-09-15T02:01:30.312Z  1789437690.313  SUMMARY T_ADB_FIRST_SEEN=2026-09-15T02:01:18.945Z
2026-09-15T02:01:30.312Z  1789437690.313  SUMMARY T_BOOT_COMPLETED=2026-09-15T02:01:29.196Z
2026-09-15T02:01:30.312Z  1789437690.313  SUMMARY RETURNED_ANDROID_KERNEL_START=2026-09-15T02:01:10.835Z
2026-09-15T02:01:30.312Z  1789437690.313  SUMMARY kernel_host_before=2026-09-15T02:01:18.945Z proc_uptime=8.11
2026-09-15T02:01:30.312Z  1789437690.313  SUMMARY FASTBOOT_TRANSIENT=False t=NA
2026-09-15T02:01:30.312Z  1789437690.313  SUMMARY P1B_AUTOMATIC_FASTBOOT_RETURN=False t=NA
2026-09-15T02:01:30.312Z  1789437690.313  SUMMARY RECOVERY_KIND=AUTOMATIC_ANDROID_RETURN
2026-09-15T02:01:30.312Z  1789437690.313  SUMMARY C_DELAY_DIAGNOSTIC_ONLY=YES C_DELAY_NORMAL_KERNEL_BOOT_CANDIDATE=NO
2026-09-15T02:01:30.312Z  1789437690.313  SUMMARY C_DELAY_NOT_REACHED_LICENSE=NO
2026-09-15T02:01:30.312Z  1789437690.313  SUMMARY C_DELAY_SELECTED_STAGE=C_DELAY_CALIBRATE_DELAY_COMPLETE
2026-09-15T02:01:30.313Z  1789437690.313  SUMMARY C_DELAY_BOOTING_TO_RETURNED_KERNEL_START=14.464
2026-09-15T02:01:30.313Z  1789437690.313  SUMMARY T4_REFERENCE_TOTAL=14.385 (PRIMARY matched-control reference; T4 true-device total)
2026-09-15T02:01:30.313Z  1789437690.313  SUMMARY C_DELAY_MINUS_T4=+0.079 (STRONG <=1.5s, SUPPORTED <=3.0s)
2026-09-15T02:01:30.313Z  1789437690.313  SUMMARY T3_REFERENCE_TOTAL=14.238 (SECONDARY matched reference)
2026-09-15T02:01:30.313Z  1789437690.313  SUMMARY C_DELAY_MINUS_T3=+0.226 (secondary cross-check <=3.0s)
2026-09-15T02:01:30.313Z  1789437690.313  SUMMARY T2_REFERENCE_TOTAL=14.240 (SECONDARY matched reference)
2026-09-15T02:01:30.313Z  1789437690.313  SUMMARY C_DELAY_MINUS_T2=+0.224 (secondary cross-check <=3.0s)
2026-09-15T02:01:30.313Z  1789437690.313  SUMMARY T1_REFERENCE_TOTAL=14.238 (SECONDARY matched reference)
2026-09-15T02:01:30.313Z  1789437690.313  SUMMARY C_DELAY_MINUS_T1=+0.226 (secondary cross-check <=3.0s)
2026-09-15T02:01:30.313Z  1789437690.313  SUMMARY T0_REFERENCE_TOTAL=14.252 (SECONDARY matched reference)
2026-09-15T02:01:30.313Z  1789437690.313  SUMMARY C_DELAY_MINUS_T0=+0.212 (secondary cross-check <=3.0s)
2026-09-15T02:01:30.313Z  1789437690.313  SUMMARY C_DELAY_EARLY_RETURN_CLASS_MATCH=YES (limit 20.0s)
2026-09-15T02:01:30.313Z  1789437690.313  SUMMARY C_DELAY_PROGRAMMED_ESTIMATE=8.319 (SECONDARY cross-check; ref overhead 6.1445s; expected ~8.0s; NOT the primary reference)
2026-09-15T02:01:30.313Z  1789437690.313  SUMMARY C_DELAY_REACHABILITY_SIGNATURE=STRONG case=C_DELAY_A_STRONG reason=T4_MATCHED_CONTROL+EARLY_RETURN_CLASS+AUTOMATIC_RESET+T3_T2_T1_T0_CROSSCHECK_OK
2026-09-15T02:01:30.313Z  1789437690.313  SUMMARY CALIBRATE_DELAY_COMPLETE_REACHED=PROVEN
2026-09-15T02:01:30.313Z  1789437690.313  SUMMARY NORMAL_START_KERNEL_BODY_TO_C_DELAY_EXECUTED=PROVEN
2026-09-15T02:01:30.313Z  1789437690.314  SUMMARY C6_PARSE_ARGS_COMPLETE_REACHED=PROVEN
2026-09-15T02:01:30.313Z  1789437690.314  SUMMARY PANIC_PARAMETER_PARSED_BY_RUNNING_KERNEL=PROVEN
2026-09-15T02:01:30.313Z  1789437690.314  SUMMARY RDINIT_PARAMETER_PARSED_BY_RUNNING_KERNEL=PROVEN
2026-09-15T02:01:30.313Z  1789437690.314  SUMMARY PANIC_REACHED=NOT_PROVEN
2026-09-15T02:01:30.313Z  1789437690.314  SUMMARY REST_INIT=NOT_PROVEN
2026-09-15T02:01:30.313Z  1789437690.314  SUMMARY INITRAMFS=NOT_PROVEN
2026-09-15T02:01:30.313Z  1789437690.314  SUMMARY INIT_EXEC=/init=NOT_PROVEN
2026-09-15T02:01:30.313Z  1789437690.314  SUMMARY E2_EARLY_MAINLINE_BOOT=NOT_PROVEN
2026-09-15T02:01:30.313Z  1789437690.314  SUMMARY R5_NORMAL_START_KERNEL_BODY=NOT_PROVEN (full body remains NOT_PROVEN; body-to-C_DELAY is the proven slice)
2026-09-15T02:01:30.313Z  1789437690.314  SUMMARY R6=NOT_PROVEN
2026-09-15T02:01:30.313Z  1789437690.314  SUMMARY R7=NOT_PROVEN
2026-09-15T02:01:30.313Z  1789437690.314  SUMMARY PANIC30_SHOULD_HAVE_SHIFTED=NOT_LICENSED
2026-09-15T02:01:30.313Z  1789437690.314  SUMMARY C_DELAY_NEXT_STEP=WAIT_FOR_USER_APPROVAL
2026-09-15T02:01:30.313Z  1789437690.314  ELAPSED_BOOTING_TO_ADB=22.574
2026-09-15T02:01:30.313Z  1789437690.314  ELAPSED_DISAPPEAR_TO_ADB=21.184
2026-09-15T02:01:30.313Z  1789437690.314  ELAPSED_BOOTING_TO_BOOT_COMPLETED=32.825
2026-09-15T02:01:30.313Z  1789437690.314  FINAL_USB=18d1:4ee7
2026-09-15T02:01:30.375Z  1789437690.375  FINAL_FASTBOOT=False FINAL_ADB=True
2026-09-15T02:01:30.375Z  1789437690.376  FINAL_SLOT=_a UNAME=Linux localhost 4.19.157-perf-g9d90dd04aa7c #1 SMP PREEMPT Mon Sep 4 10:51:57 UTC 2023 aarch64 Toybox UID=uid=0(root) gid=0(root) groups=0(root) context=u:r:magisk:s0 BOOTREASON=bootloader
