R3 P1B PANIC30 TRUE DEVICE CONTROL
BASELINE: FIXED INIT8
FIX8 TOTAL: 23.852s
PANIC BASELINE: 5s
PANIC CONTROL: 30s
EXPECTED POSITIVE SHIFT: +25.000s
ACTIVE SLOT: A
PARTITION WRITES: 0
EXPERIMENTAL BOOTS: 1
SECOND BOOT: FORBIDDEN
T0/T1/T2: NOT AUTHORIZED
2026-09-13T14:06:47.847Z  1789308407.848  ARTIFACT_IDENTITY MATCH size=37380096 sha256=ea50e8b344219f39bde317503b9e238af88080ca7e55b9a14b5b0b825a8664b1
2026-09-13T14:06:48.128Z  1789308408.128  PREFLIGHT product=thyme
2026-09-13T14:06:48.128Z  1789308408.128  PREFLIGHT unlocked=yes
2026-09-13T14:06:48.128Z  1789308408.128  PREFLIGHT current-slot=a
2026-09-13T14:06:48.128Z  1789308408.128  PREFLIGHT snapshot-update-status=none
2026-09-13T14:06:48.128Z  1789308408.128  PREFLIGHT battery-soc-ok=yes
2026-09-13T14:06:48.128Z  1789308408.128  PREFLIGHT battery-voltage=4334
2026-09-13T14:06:48.128Z  1789308408.128  PREFLIGHT max-download-size=805306368
2026-09-13T14:06:48.128Z  1789308408.128  PREFLIGHT slot-retry-count:a=6
2026-09-13T14:06:48.128Z  1789308408.128  PREFLIGHT slot-unbootable:a=no
2026-09-13T14:06:48.128Z  1789308408.128  PREFLIGHT slot-successful:a=yes
2026-09-13T14:06:48.128Z  1789308408.128  PREFLIGHT slot-retry-count:b=7
2026-09-13T14:06:48.128Z  1789308408.128  PREFLIGHT slot-unbootable:b=no
2026-09-13T14:06:48.128Z  1789308408.128  PREFLIGHT slot-successful:b=no

R3 P1B INIT8 FIRST MAINLINE CANDIDATE
ACTIVE SLOT:
A
PARTITION WRITES:
0
SET_ACTIVE:
NO
EXPERIMENTAL BOOTS:
1
LINUX:
6.6.156
RUNTIME DTB:
RT-D
BUILT-IN INIT:
/init
INIT DELAY:
8s
INIT24:
NOT AUTHORIZED
PRIMARY TIMING:
BOOTING_OKAY -> RETURNED ANDROID KERNEL START (INIT24 baseline)
COMMAND: fastboot boot <exact-P1B-INIT8-boot.img>
FORBIDDEN: flash erase set_active second boot INIT24

2026-09-13T14:06:48.530Z  1789308408.530  USB_BEFORE_BOOT usb=18d1:d00d
2026-09-13T14:06:48.530Z  1789308408.531  T_COMMAND_START
2026-09-13T14:06:49.475Z  1789308409.476  FASTBOOT_OUT Sending 'boot.img' (36504 KB)                      OKAY [  0.917s]
2026-09-13T14:06:49.475Z  1789308409.476  T_SENDING_OKAY
2026-09-13T14:06:49.695Z  1789308409.695  FASTBOOT_OUT Booting                                            OKAY [  0.220s]
2026-09-13T14:06:49.695Z  1789308409.695  T_BOOTING_OKAY
2026-09-13T14:06:49.695Z  1789308409.696  T_FASTBOOT_DISAPPEAR
2026-09-13T14:06:49.696Z  1789308409.696  FASTBOOT_OUT Finished. Total time: 1.146s
2026-09-13T14:06:49.697Z  1789308409.697  FASTBOOT_BOOT_EXIT rc=0 sending_ok=True booting_ok=True fail=False
2026-09-13T14:06:49.829Z  1789308409.829  FASTBOOT_PRESENT_WITH_USB_D00D_START
2026-09-13T14:06:50.960Z  1789308410.961  T_USB_NONE
2026-09-13T14:07:24.808Z  1789308444.808  T_USB_FIRST_REENUM usb=18d1:4ee7
2026-09-13T14:07:25.673Z  1789308445.674  T_ADB_FIRST_SEEN
2026-09-13T14:07:25.846Z  1789308445.846  ADB_FIRST_SNAPSHOT host_before=2026-09-13T14:07:25.673Z host_after=2026-09-13T14:07:25.700Z proc_uptime=9.69 kernel_start=2026-09-13T14:07:15.983Z slot=_a uname=Linux localhost 4.19.157-perf-g9d90dd04aa7c #1 SMP PREEMPT Mon Sep 4 10:51:57 UTC 2023 aarch64 Toybox uid=uid=0(root) gid=0(root) groups=0(root) context=u:r:magisk:s0 boot_completed=None bootreason=NA
2026-09-13T14:07:25.846Z  1789308445.846  RETURNED_ANDROID_KERNEL_START=2026-09-13T14:07:15.983Z P1B_INIT8_BOOTING_TO_RETURNED_KERNEL_START=26.289 (future INIT24 differential baseline; no overhead model applied)
2026-09-13T14:07:34.187Z  1789308454.187  T_BOOT_COMPLETED
2026-09-13T14:07:34.368Z  1789308454.369  ANDROID_BOOT_COMPLETED_OBSERVED
2026-09-13T14:07:34.650Z  1789308454.651  BOOT_COMPLETED_SNAPSHOT host_before=2026-09-13T14:07:34.222Z host_after=2026-09-13T14:07:34.260Z proc_uptime=18.25 kernel_start=2026-09-13T14:07:15.972Z slot=_a uname=Linux localhost 4.19.157-perf-g9d90dd04aa7c #1 SMP PREEMPT Mon Sep 4 10:51:57 UTC 2023 aarch64 Toybox uid=uid=0(root) gid=0(root) groups=0(root) context=u:r:magisk:s0 boot_completed=1 bootreason=bootloader
2026-09-13T14:07:34.650Z  1789308454.651  RETURNED_ANDROID_KERNEL_START=2026-09-13T14:07:15.972Z P1B_INIT8_BOOTING_TO_RETURNED_KERNEL_START=26.277 (future INIT24 differential baseline; no overhead model applied)
2026-09-13T14:07:35.272Z  1789308455.272  SUMMARY T_COMMAND_START=2026-09-13T14:06:48.530Z
2026-09-13T14:07:35.272Z  1789308455.272  SUMMARY T_SENDING_OKAY=2026-09-13T14:06:49.475Z
2026-09-13T14:07:35.272Z  1789308455.272  SUMMARY T_BOOTING_OKAY=2026-09-13T14:06:49.695Z
2026-09-13T14:07:35.272Z  1789308455.272  SUMMARY T_FASTBOOT_DISAPPEAR=2026-09-13T14:06:49.695Z
2026-09-13T14:07:35.272Z  1789308455.272  SUMMARY T_USB_NONE=2026-09-13T14:06:50.960Z
2026-09-13T14:07:35.272Z  1789308455.272  SUMMARY T_USB_FIRST_REENUM=2026-09-13T14:07:24.808Z
2026-09-13T14:07:35.272Z  1789308455.272  SUMMARY T_ADB_FIRST_SEEN=2026-09-13T14:07:25.673Z
2026-09-13T14:07:35.272Z  1789308455.272  SUMMARY T_BOOT_COMPLETED=2026-09-13T14:07:34.187Z
2026-09-13T14:07:35.272Z  1789308455.272  SUMMARY RETURNED_ANDROID_KERNEL_START=2026-09-13T14:07:15.983Z
2026-09-13T14:07:35.272Z  1789308455.272  SUMMARY kernel_host_before=2026-09-13T14:07:25.673Z proc_uptime=9.69
2026-09-13T14:07:35.272Z  1789308455.272  SUMMARY FASTBOOT_TRANSIENT=False t=NA
2026-09-13T14:07:35.272Z  1789308455.272  SUMMARY P1B_AUTOMATIC_FASTBOOT_RETURN=False t=NA
2026-09-13T14:07:35.272Z  1789308455.272  SUMMARY RECOVERY_KIND=AUTOMATIC_ANDROID_RETURN
2026-09-13T14:07:35.272Z  1789308455.273  SUMMARY P1B_INIT8_BOOTING_TO_RETURNED_KERNEL_START=26.289 INIT24_BASELINE_SAVED=YES
2026-09-13T14:07:35.272Z  1789308455.273  ELAPSED_BOOTING_TO_ADB=35.978
2026-09-13T14:07:35.272Z  1789308455.273  ELAPSED_DISAPPEAR_TO_ADB=35.978
2026-09-13T14:07:35.272Z  1789308455.273  ELAPSED_BOOTING_TO_BOOT_COMPLETED=44.492
2026-09-13T14:07:35.272Z  1789308455.273  FINAL_USB=18d1:4ee7
2026-09-13T14:07:35.306Z  1789308455.306  FINAL_FASTBOOT=False FINAL_ADB=True
2026-09-13T14:07:35.306Z  1789308455.306  FINAL_SLOT=_a UNAME=Linux localhost 4.19.157-perf-g9d90dd04aa7c #1 SMP PREEMPT Mon Sep 4 10:51:57 UTC 2023 aarch64 Toybox UID=uid=0(root) gid=0(root) groups=0(root) context=u:r:magisk:s0 BOOTREASON=bootloader
