R3 P1B FIXED INIT8
OLD INIT CONTROL: BROKEN
FIXED INIT ABI: 4 ARG
QEMU FIX8: 8.003s
ACTIVE SLOT: A
PARTITION WRITES: 0
EXPERIMENTAL BOOTS: 1
FIX24: NOT AUTHORIZED

2026-09-13T07:30:11.845Z  1789284611.845  ARTIFACT_IDENTITY MATCH size=37380096 sha256=ba3d8789356fd69af1a4adb5a22aebf8b3c427528143793b3358e886aa462ab5
2026-09-13T07:30:12.147Z  1789284612.148  PREFLIGHT product=thyme
2026-09-13T07:30:12.147Z  1789284612.148  PREFLIGHT unlocked=yes
2026-09-13T07:30:12.147Z  1789284612.148  PREFLIGHT current-slot=a
2026-09-13T07:30:12.147Z  1789284612.148  PREFLIGHT snapshot-update-status=none
2026-09-13T07:30:12.147Z  1789284612.148  PREFLIGHT battery-soc-ok=yes
2026-09-13T07:30:12.147Z  1789284612.148  PREFLIGHT battery-voltage=4413
2026-09-13T07:30:12.147Z  1789284612.148  PREFLIGHT max-download-size=805306368
2026-09-13T07:30:12.147Z  1789284612.148  PREFLIGHT slot-retry-count:a=6
2026-09-13T07:30:12.147Z  1789284612.148  PREFLIGHT slot-unbootable:a=no
2026-09-13T07:30:12.147Z  1789284612.148  PREFLIGHT slot-successful:a=yes
2026-09-13T07:30:12.147Z  1789284612.148  PREFLIGHT slot-retry-count:b=7
2026-09-13T07:30:12.147Z  1789284612.148  PREFLIGHT slot-unbootable:b=no
2026-09-13T07:30:12.147Z  1789284612.148  PREFLIGHT slot-successful:b=no

R3 P1B INIT8 FIRST MAINLINE CANDIDATE
ACTIVE SLOT:
A
PARTITION WRITES:
0
SET_ACTIVE:
NO
EXPERIMENTAL BOOTS:
1
LINUX:
6.6.156
RUNTIME DTB:
RT-D
BUILT-IN INIT:
/init
INIT DELAY:
8s
INIT24:
NOT AUTHORIZED
PRIMARY TIMING:
BOOTING_OKAY -> RETURNED ANDROID KERNEL START (INIT24 baseline)
COMMAND: fastboot boot <exact-P1B-INIT8-boot.img>
FORBIDDEN: flash erase set_active second boot INIT24

2026-09-13T07:30:12.554Z  1789284612.555  USB_BEFORE_BOOT usb=18d1:d00d
2026-09-13T07:30:12.554Z  1789284612.555  T_COMMAND_START
2026-09-13T07:30:13.491Z  1789284613.491  FASTBOOT_OUT Sending 'boot.img' (36504 KB)                      OKAY [  0.907s]
2026-09-13T07:30:13.491Z  1789284613.491  T_SENDING_OKAY
2026-09-13T07:30:13.710Z  1789284613.711  FASTBOOT_OUT Booting                                            OKAY [  0.220s]
2026-09-13T07:30:13.710Z  1789284613.711  T_BOOTING_OKAY
2026-09-13T07:30:13.711Z  1789284613.712  FASTBOOT_OUT Finished. Total time: 1.137s
2026-09-13T07:30:13.712Z  1789284613.713  FASTBOOT_BOOT_EXIT rc=0 sending_ok=True booting_ok=True fail=False
2026-09-13T07:30:15.077Z  1789284615.078  T_FASTBOOT_DISAPPEAR
2026-09-13T07:30:15.235Z  1789284615.236  T_USB_NONE
2026-09-13T07:30:46.308Z  1789284646.309  T_USB_FIRST_REENUM usb=18d1:4ee7
2026-09-13T07:30:46.682Z  1789284646.683  T_ADB_FIRST_SEEN
2026-09-13T07:30:46.958Z  1789284646.959  ADB_FIRST_SNAPSHOT host_before=2026-09-13T07:30:46.682Z host_after=2026-09-13T07:30:46.727Z proc_uptime=9.12 kernel_start=2026-09-13T07:30:37.562Z slot=_a uname=Linux localhost 4.19.157-perf-g9d90dd04aa7c #1 SMP PREEMPT Mon Sep 4 10:51:57 UTC 2023 aarch64 Toybox uid=uid=0(root) gid=0(root) groups=0(root) context=u:r:magisk:s0 boot_completed=None bootreason=NA
2026-09-13T07:30:46.958Z  1789284646.959  RETURNED_ANDROID_KERNEL_START=2026-09-13T07:30:37.562Z P1B_INIT8_BOOTING_TO_RETURNED_KERNEL_START=23.852 (future INIT24 differential baseline; no overhead model applied)
2026-09-13T07:30:55.912Z  1789284655.913  T_BOOT_COMPLETED
2026-09-13T07:30:56.121Z  1789284656.121  ANDROID_BOOT_COMPLETED_OBSERVED
2026-09-13T07:30:56.210Z  1789284656.211  BOOT_COMPLETED_SNAPSHOT host_before=2026-09-13T07:30:55.951Z host_after=2026-09-13T07:30:56.004Z proc_uptime=18.4 kernel_start=2026-09-13T07:30:37.551Z slot=_a uname=Linux localhost 4.19.157-perf-g9d90dd04aa7c #1 SMP PREEMPT Mon Sep 4 10:51:57 UTC 2023 aarch64 Toybox uid=uid=0(root) gid=0(root) groups=0(root) context=u:r:magisk:s0 boot_completed=1 bootreason=bootloader
2026-09-13T07:30:56.210Z  1789284656.211  RETURNED_ANDROID_KERNEL_START=2026-09-13T07:30:37.551Z P1B_INIT8_BOOTING_TO_RETURNED_KERNEL_START=23.841 (future INIT24 differential baseline; no overhead model applied)
2026-09-13T07:30:57.025Z  1789284657.026  SUMMARY T_COMMAND_START=2026-09-13T07:30:12.554Z
2026-09-13T07:30:57.025Z  1789284657.026  SUMMARY T_SENDING_OKAY=2026-09-13T07:30:13.491Z
2026-09-13T07:30:57.025Z  1789284657.026  SUMMARY T_BOOTING_OKAY=2026-09-13T07:30:13.710Z
2026-09-13T07:30:57.025Z  1789284657.026  SUMMARY T_FASTBOOT_DISAPPEAR=2026-09-13T07:30:15.077Z
2026-09-13T07:30:57.025Z  1789284657.026  SUMMARY T_USB_NONE=2026-09-13T07:30:15.235Z
2026-09-13T07:30:57.025Z  1789284657.026  SUMMARY T_USB_FIRST_REENUM=2026-09-13T07:30:46.308Z
2026-09-13T07:30:57.025Z  1789284657.026  SUMMARY T_ADB_FIRST_SEEN=2026-09-13T07:30:46.682Z
2026-09-13T07:30:57.026Z  1789284657.026  SUMMARY T_BOOT_COMPLETED=2026-09-13T07:30:55.912Z
2026-09-13T07:30:57.026Z  1789284657.026  SUMMARY RETURNED_ANDROID_KERNEL_START=2026-09-13T07:30:37.562Z
2026-09-13T07:30:57.026Z  1789284657.026  SUMMARY kernel_host_before=2026-09-13T07:30:46.682Z proc_uptime=9.12
2026-09-13T07:30:57.026Z  1789284657.026  SUMMARY FASTBOOT_TRANSIENT=False t=NA
2026-09-13T07:30:57.026Z  1789284657.026  SUMMARY P1B_AUTOMATIC_FASTBOOT_RETURN=False t=NA
2026-09-13T07:30:57.026Z  1789284657.026  SUMMARY RECOVERY_KIND=AUTOMATIC_ANDROID_RETURN
2026-09-13T07:30:57.026Z  1789284657.026  SUMMARY P1B_INIT8_BOOTING_TO_RETURNED_KERNEL_START=23.852 INIT24_BASELINE_SAVED=YES
2026-09-13T07:30:57.026Z  1789284657.026  ELAPSED_BOOTING_TO_ADB=32.972
2026-09-13T07:30:57.026Z  1789284657.026  ELAPSED_DISAPPEAR_TO_ADB=31.605
2026-09-13T07:30:57.026Z  1789284657.026  ELAPSED_BOOTING_TO_BOOT_COMPLETED=42.202
2026-09-13T07:30:57.026Z  1789284657.026  FINAL_USB=18d1:4ee7
2026-09-13T07:30:57.067Z  1789284657.068  FINAL_FASTBOOT=False FINAL_ADB=True
2026-09-13T07:30:57.068Z  1789284657.068  FINAL_SLOT=_a UNAME=Linux localhost 4.19.157-perf-g9d90dd04aa7c #1 SMP PREEMPT Mon Sep 4 10:51:57 UTC 2023 aarch64 Toybox UID=uid=0(root) gid=0(root) groups=0(root) context=u:r:magisk:s0 BOOTREASON=bootloader
