2026-09-14T05:30:18.131Z  1789363818.131  ARTIFACT_IDENTITY MATCH size=37380096 sha256=a4fa083f289219facb0a69062749dd6a9d2f667c4aa044b25b78c36b0da7e3df
2026-09-14T05:30:18.394Z  1789363818.395  PREFLIGHT product=thyme
2026-09-14T05:30:18.394Z  1789363818.395  PREFLIGHT unlocked=yes
2026-09-14T05:30:18.394Z  1789363818.395  PREFLIGHT current-slot=a
2026-09-14T05:30:18.394Z  1789363818.395  PREFLIGHT snapshot-update-status=none
2026-09-14T05:30:18.394Z  1789363818.395  PREFLIGHT battery-soc-ok=yes
2026-09-14T05:30:18.394Z  1789363818.395  PREFLIGHT battery-voltage=4413
2026-09-14T05:30:18.394Z  1789363818.395  PREFLIGHT max-download-size=805306368
2026-09-14T05:30:18.394Z  1789363818.395  PREFLIGHT slot-retry-count:a=6
2026-09-14T05:30:18.394Z  1789363818.395  PREFLIGHT slot-unbootable:a=no
2026-09-14T05:30:18.394Z  1789363818.395  PREFLIGHT slot-successful:a=yes
2026-09-14T05:30:18.394Z  1789363818.395  PREFLIGHT slot-retry-count:b=7
2026-09-14T05:30:18.394Z  1789363818.395  PREFLIGHT slot-unbootable:b=no
2026-09-14T05:30:18.394Z  1789363818.395  PREFLIGHT slot-successful:b=no

R3 P1B T1-8 PRIMARY_ENTRY REACHABILITY CHECK
ACTIVE SLOT:
A
PARTITION WRITES:
0
SET_ACTIVE:
NO
EXPERIMENTAL BOOTS:
1
SECOND BOOT:
FORBIDDEN
CHECKPOINT:
primary_entry first instruction -> T1 checkpoint (through the unmodified FIX8 trampoline branch)
DELAY:
8s CNTPCT register-only
RESET:
PSCI SYSTEM_RESET 0x84000009 smc, wfe fail-closed
RUNTIME SEMANTIC DELTA:
PRIMARY_ENTRY_REACHABILITY_CHECKPOINT_ONLY
T1_DIAGNOSTIC_ONLY:
YES (T1_NORMAL_KERNEL_BOOT_CANDIDATE=NO; a positive never proves normal primary_entry execution; E1 stays NOT_PROVEN)
PRIMARY TIMING:
T1_MINUS_T0 matched control (T0_REFERENCE_TOTAL 14.252s; STRONG +-1.0s, SUPPORTED +-2.0s, early class < 20s)
SECONDARY:
T1_PROGRAMMED_ESTIMATE = T1_TOTAL - 6.1445 (~8s)
COMMAND: fastboot boot <exact-T1-boot.img>
FORBIDDEN: flash erase set_active second boot T2 FIX24 M5N

2026-09-14T05:30:18.796Z  1789363818.796  USB_BEFORE_BOOT usb=18d1:d00d
2026-09-14T05:30:18.796Z  1789363818.797  T_COMMAND_START
2026-09-14T05:30:19.721Z  1789363819.721  FASTBOOT_OUT Sending 'boot.img' (36504 KB)                      OKAY [  0.900s]
2026-09-14T05:30:19.721Z  1789363819.721  T_SENDING_OKAY
2026-09-14T05:30:19.941Z  1789363819.942  FASTBOOT_OUT Booting                                            OKAY [  0.221s]
2026-09-14T05:30:19.941Z  1789363819.942  T_BOOTING_OKAY
2026-09-14T05:30:19.942Z  1789363819.943  FASTBOOT_OUT Finished. Total time: 1.130s
2026-09-14T05:30:19.943Z  1789363819.944  FASTBOOT_BOOT_EXIT rc=0 sending_ok=True booting_ok=True fail=False
2026-09-14T05:30:21.342Z  1789363821.342  T_USB_NONE
2026-09-14T05:30:21.345Z  1789363821.346  T_FASTBOOT_DISAPPEAR
2026-09-14T05:30:41.515Z  1789363841.516  T_USB_FIRST_REENUM usb=18d1:4ee7
2026-09-14T05:30:42.549Z  1789363842.550  T_ADB_FIRST_SEEN
2026-09-14T05:30:42.843Z  1789363842.844  ADB_FIRST_SNAPSHOT host_before=2026-09-14T05:30:42.549Z host_after=2026-09-14T05:30:42.596Z proc_uptime=8.37 kernel_start=2026-09-14T05:30:34.179Z slot=_a uname=Linux localhost 4.19.157-perf-g9d90dd04aa7c #1 SMP PREEMPT Mon Sep 4 10:51:57 UTC 2023 aarch64 Toybox uid=uid=0(root) gid=0(root) groups=0(root) context=u:r:magisk:s0 boot_completed=None bootreason=NA
2026-09-14T05:30:42.843Z  1789363842.844  RETURNED_ANDROID_KERNEL_START=2026-09-14T05:30:34.179Z T1_BOOTING_TO_RETURNED_KERNEL_START=14.238 (primary T1 timing product; no overhead model applied)
2026-09-14T05:30:52.785Z  1789363852.786  T_BOOT_COMPLETED
2026-09-14T05:30:52.925Z  1789363852.925  ANDROID_BOOT_COMPLETED_OBSERVED
2026-09-14T05:30:53.242Z  1789363853.243  BOOT_COMPLETED_SNAPSHOT host_before=2026-09-14T05:30:52.826Z host_after=2026-09-14T05:30:52.901Z proc_uptime=18.67 kernel_start=2026-09-14T05:30:34.156Z slot=_a uname=Linux localhost 4.19.157-perf-g9d90dd04aa7c #1 SMP PREEMPT Mon Sep 4 10:51:57 UTC 2023 aarch64 Toybox uid=uid=0(root) gid=0(root) groups=0(root) context=u:r:magisk:s0 boot_completed=1 bootreason=bootloader
2026-09-14T05:30:53.242Z  1789363853.243  RETURNED_ANDROID_KERNEL_START=2026-09-14T05:30:34.156Z T1_BOOTING_TO_RETURNED_KERNEL_START=14.214 (primary T1 timing product; no overhead model applied)
2026-09-14T05:30:53.846Z  1789363853.846  SUMMARY T_COMMAND_START=2026-09-14T05:30:18.796Z
2026-09-14T05:30:53.846Z  1789363853.847  SUMMARY T_SENDING_OKAY=2026-09-14T05:30:19.721Z
2026-09-14T05:30:53.846Z  1789363853.847  SUMMARY T_BOOTING_OKAY=2026-09-14T05:30:19.941Z
2026-09-14T05:30:53.847Z  1789363853.847  SUMMARY T_FASTBOOT_DISAPPEAR=2026-09-14T05:30:21.345Z
2026-09-14T05:30:53.847Z  1789363853.847  SUMMARY T_USB_NONE=2026-09-14T05:30:21.342Z
2026-09-14T05:30:53.847Z  1789363853.848  SUMMARY T_USB_FIRST_REENUM=2026-09-14T05:30:41.515Z
2026-09-14T05:30:53.847Z  1789363853.848  SUMMARY T_ADB_FIRST_SEEN=2026-09-14T05:30:42.549Z
2026-09-14T05:30:53.847Z  1789363853.848  SUMMARY T_BOOT_COMPLETED=2026-09-14T05:30:52.785Z
2026-09-14T05:30:53.847Z  1789363853.848  SUMMARY RETURNED_ANDROID_KERNEL_START=2026-09-14T05:30:34.179Z
2026-09-14T05:30:53.847Z  1789363853.848  SUMMARY kernel_host_before=2026-09-14T05:30:42.549Z proc_uptime=8.37
2026-09-14T05:30:53.848Z  1789363853.848  SUMMARY FASTBOOT_TRANSIENT=False t=NA
2026-09-14T05:30:53.848Z  1789363853.848  SUMMARY P1B_AUTOMATIC_FASTBOOT_RETURN=False t=NA
2026-09-14T05:30:53.848Z  1789363853.848  SUMMARY RECOVERY_KIND=AUTOMATIC_ANDROID_RETURN
2026-09-14T05:30:53.848Z  1789363853.848  SUMMARY T1_DIAGNOSTIC_ONLY=YES T1_NORMAL_KERNEL_BOOT_CANDIDATE=NO
2026-09-14T05:30:53.848Z  1789363853.848  SUMMARY T1_BOOTING_TO_RETURNED_KERNEL_START=14.238
2026-09-14T05:30:53.848Z  1789363853.848  SUMMARY T0_REFERENCE_TOTAL=14.252 (PRIMARY matched-control reference)
2026-09-14T05:30:53.848Z  1789363853.849  SUMMARY T1_MINUS_T0=-0.014 (STRONG <=1.0s, SUPPORTED <=2.0s)
2026-09-14T05:30:53.848Z  1789363853.849  SUMMARY T1_EARLY_RETURN_CLASS_MATCH=YES (limit 20.0s)
2026-09-14T05:30:53.848Z  1789363853.849  SUMMARY T1_PROGRAMMED_ESTIMATE=8.093 (SECONDARY cross-check; ref overhead 6.1445s; expected ~8.0s; NOT the primary reference)
2026-09-14T05:30:53.848Z  1789363853.849  SUMMARY T1_REACHABILITY_SIGNATURE=STRONG case=T1_A_STRONG reason=T0_MATCHED_CONTROL+EARLY_RETURN_CLASS+AUTOMATIC_RESET
2026-09-14T05:30:53.848Z  1789363853.849  SUMMARY R2_PRIMARY_ENTRY_ADDRESS_REACHABILITY=PROVEN
2026-09-14T05:30:53.848Z  1789363853.849  SUMMARY E1_NORMAL_PRIMARY_ENTRY_EXECUTION=NOT_PROVEN (the original first instruction bl record_mmu_state is replaced by the T1 diagnostic branch)
2026-09-14T05:30:53.848Z  1789363853.849  SUMMARY PRIMARY_ENTRY_ADDRESS_REACHED=PROVEN
2026-09-14T05:30:53.848Z  1789363853.849  SUMMARY T1_NEXT_STEP=MAINLINE_V2_R3_P1B_T2_PREDEVICE_READINESS_CI
2026-09-14T05:30:53.848Z  1789363853.849  ELAPSED_BOOTING_TO_ADB=22.608
2026-09-14T05:30:53.848Z  1789363853.849  ELAPSED_DISAPPEAR_TO_ADB=21.204
2026-09-14T05:30:53.848Z  1789363853.849  ELAPSED_BOOTING_TO_BOOT_COMPLETED=32.844
2026-09-14T05:30:53.849Z  1789363853.849  FINAL_USB=18d1:4ee7
2026-09-14T05:30:53.900Z  1789363853.900  FINAL_FASTBOOT=False FINAL_ADB=True
2026-09-14T05:30:53.900Z  1789363853.901  FINAL_SLOT=_a UNAME=Linux localhost 4.19.157-perf-g9d90dd04aa7c #1 SMP PREEMPT Mon Sep 4 10:51:57 UTC 2023 aarch64 Toybox UID=uid=0(root) gid=0(root) groups=0(root) context=u:r:magisk:s0 BOOTREASON=bootloader
