2026-09-12T15:33:34.824Z  1789227214.825  ARTIFACT_IDENTITY MATCH size=37380096 sha256=e6ac6308f274de34b89222bb011f20a00465d26f5b9d9c6cd923e2f722911264
2026-09-12T15:33:35.102Z  1789227215.102  PREFLIGHT product=thyme
2026-09-12T15:33:35.102Z  1789227215.103  PREFLIGHT unlocked=yes
2026-09-12T15:33:35.102Z  1789227215.103  PREFLIGHT current-slot=a
2026-09-12T15:33:35.102Z  1789227215.103  PREFLIGHT snapshot-update-status=none
2026-09-12T15:33:35.102Z  1789227215.103  PREFLIGHT battery-soc-ok=yes
2026-09-12T15:33:35.102Z  1789227215.103  PREFLIGHT battery-voltage=4408
2026-09-12T15:33:35.102Z  1789227215.103  PREFLIGHT max-download-size=805306368
2026-09-12T15:33:35.102Z  1789227215.103  PREFLIGHT slot-retry-count:a=6
2026-09-12T15:33:35.102Z  1789227215.103  PREFLIGHT slot-unbootable:a=no
2026-09-12T15:33:35.102Z  1789227215.103  PREFLIGHT slot-successful:a=yes
2026-09-12T15:33:35.102Z  1789227215.103  PREFLIGHT slot-retry-count:b=7
2026-09-12T15:33:35.102Z  1789227215.103  PREFLIGHT slot-unbootable:b=no
2026-09-12T15:33:35.102Z  1789227215.103  PREFLIGHT slot-successful:b=no

R3 P1B INIT8 FIRST MAINLINE CANDIDATE
ACTIVE SLOT:
A
PARTITION WRITES:
0
SET_ACTIVE:
NO
EXPERIMENTAL BOOTS:
1
LINUX:
6.6.156
RUNTIME DTB:
RT-D
BUILT-IN INIT:
/init
INIT DELAY:
8s
INIT24:
NOT AUTHORIZED
PRIMARY TIMING:
BOOTING_OKAY -> RETURNED ANDROID KERNEL START (INIT24 baseline)
COMMAND: fastboot boot <exact-P1B-INIT8-boot.img>
FORBIDDEN: flash erase set_active second boot INIT24

2026-09-12T15:33:35.513Z  1789227215.514  USB_BEFORE_BOOT usb=18d1:d00d
2026-09-12T15:33:35.513Z  1789227215.514  T_COMMAND_START
2026-09-12T15:33:36.441Z  1789227216.441  FASTBOOT_OUT Sending 'boot.img' (36504 KB)                      OKAY [  0.897s]
2026-09-12T15:33:36.441Z  1789227216.441  T_SENDING_OKAY
2026-09-12T15:33:36.662Z  1789227216.662  FASTBOOT_OUT Booting                                            OKAY [  0.221s]
2026-09-12T15:33:36.662Z  1789227216.662  T_BOOTING_OKAY
2026-09-12T15:33:36.663Z  1789227216.663  FASTBOOT_OUT Finished. Total time: 1.127s
2026-09-12T15:33:36.664Z  1789227216.664  FASTBOOT_BOOT_EXIT rc=0 sending_ok=True booting_ok=True fail=False
2026-09-12T15:33:38.014Z  1789227218.014  T_USB_NONE
2026-09-12T15:33:38.016Z  1789227218.017  T_FASTBOOT_DISAPPEAR
2026-09-12T15:34:08.782Z  1789227248.783  T_USB_FIRST_REENUM usb=18d1:4ee7
2026-09-12T15:34:09.375Z  1789227249.376  T_ADB_FIRST_SEEN
2026-09-12T15:34:09.547Z  1789227249.547  ADB_FIRST_SNAPSHOT host_before=2026-09-12T15:34:09.375Z host_after=2026-09-12T15:34:09.401Z proc_uptime=9.53 kernel_start=2026-09-12T15:33:59.845Z slot=_a uname=Linux localhost 4.19.157-perf-g9d90dd04aa7c #1 SMP PREEMPT Mon Sep 4 10:51:57 UTC 2023 aarch64 Toybox uid=uid=0(root) gid=0(root) groups=0(root) context=u:r:magisk:s0 boot_completed=None bootreason=NA
2026-09-12T15:34:09.547Z  1789227249.547  RETURNED_ANDROID_KERNEL_START=2026-09-12T15:33:59.845Z P1B_INIT8_BOOTING_TO_RETURNED_KERNEL_START=23.184 (future INIT24 differential baseline; no overhead model applied)
2026-09-12T15:34:18.542Z  1789227258.542  T_BOOT_COMPLETED
2026-09-12T15:34:18.615Z  1789227258.615  ANDROID_BOOT_COMPLETED_OBSERVED
2026-09-12T15:34:19.072Z  1789227259.073  BOOT_COMPLETED_SNAPSHOT host_before=2026-09-12T15:34:18.585Z host_after=2026-09-12T15:34:18.628Z proc_uptime=18.76 kernel_start=2026-09-12T15:33:59.825Z slot=_a uname=Linux localhost 4.19.157-perf-g9d90dd04aa7c #1 SMP PREEMPT Mon Sep 4 10:51:57 UTC 2023 aarch64 Toybox uid=uid=0(root) gid=0(root) groups=0(root) context=u:r:magisk:s0 boot_completed=1 bootreason=bootloader
2026-09-12T15:34:19.073Z  1789227259.073  RETURNED_ANDROID_KERNEL_START=2026-09-12T15:33:59.825Z P1B_INIT8_BOOTING_TO_RETURNED_KERNEL_START=23.164 (future INIT24 differential baseline; no overhead model applied)
2026-09-12T15:34:19.536Z  1789227259.536  SUMMARY T_COMMAND_START=2026-09-12T15:33:35.513Z
2026-09-12T15:34:19.536Z  1789227259.536  SUMMARY T_SENDING_OKAY=2026-09-12T15:33:36.441Z
2026-09-12T15:34:19.536Z  1789227259.536  SUMMARY T_BOOTING_OKAY=2026-09-12T15:33:36.662Z
2026-09-12T15:34:19.536Z  1789227259.536  SUMMARY T_FASTBOOT_DISAPPEAR=2026-09-12T15:33:38.016Z
2026-09-12T15:34:19.536Z  1789227259.537  SUMMARY T_USB_NONE=2026-09-12T15:33:38.014Z
2026-09-12T15:34:19.536Z  1789227259.537  SUMMARY T_USB_FIRST_REENUM=2026-09-12T15:34:08.782Z
2026-09-12T15:34:19.536Z  1789227259.537  SUMMARY T_ADB_FIRST_SEEN=2026-09-12T15:34:09.375Z
2026-09-12T15:34:19.536Z  1789227259.537  SUMMARY T_BOOT_COMPLETED=2026-09-12T15:34:18.542Z
2026-09-12T15:34:19.536Z  1789227259.537  SUMMARY RETURNED_ANDROID_KERNEL_START=2026-09-12T15:33:59.845Z
2026-09-12T15:34:19.536Z  1789227259.537  SUMMARY kernel_host_before=2026-09-12T15:34:09.375Z proc_uptime=9.53
2026-09-12T15:34:19.536Z  1789227259.537  SUMMARY FASTBOOT_TRANSIENT=False t=NA
2026-09-12T15:34:19.536Z  1789227259.537  SUMMARY P1B_AUTOMATIC_FASTBOOT_RETURN=False t=NA
2026-09-12T15:34:19.536Z  1789227259.537  SUMMARY RECOVERY_KIND=AUTOMATIC_ANDROID_RETURN
2026-09-12T15:34:19.537Z  1789227259.537  SUMMARY P1B_INIT8_BOOTING_TO_RETURNED_KERNEL_START=23.184 INIT24_BASELINE_SAVED=YES
2026-09-12T15:34:19.537Z  1789227259.537  ELAPSED_BOOTING_TO_ADB=32.713
2026-09-12T15:34:19.537Z  1789227259.537  ELAPSED_DISAPPEAR_TO_ADB=31.359
2026-09-12T15:34:19.537Z  1789227259.537  ELAPSED_BOOTING_TO_BOOT_COMPLETED=41.880
2026-09-12T15:34:19.537Z  1789227259.537  FINAL_USB=18d1:4ee7
2026-09-12T15:34:19.590Z  1789227259.591  FINAL_FASTBOOT=False FINAL_ADB=True
2026-09-12T15:34:19.590Z  1789227259.591  FINAL_SLOT=_a UNAME=Linux localhost 4.19.157-perf-g9d90dd04aa7c #1 SMP PREEMPT Mon Sep 4 10:51:57 UTC 2023 aarch64 Toybox UID=uid=0(root) gid=0(root) groups=0(root) context=u:r:magisk:s0 BOOTREASON=bootloader
