R3 P1B INIT24 TIMING CONFIRMATION
ACTIVE SLOT:
A
PARTITION WRITES:
0
EXPERIMENTAL BOOTS:
1
REFERENCE INIT8 TOTAL:
23.184s
INIT8 DELAY:
8s
INIT24 DELAY:
24s
EXPECTED DIFFERENTIAL:
+16.000s
PRIMARY METRIC:
BOOTING_OKAY -> RETURNED ANDROID KERNEL START
OBSERVER: scripts/r3-p1b/observe-r3-p1b-init8.py REUSED VERBATIM (INIT8-branded labels; identity gate env points at INIT24 img + INIT24 full SHA)
SECOND_BOOT_FORBIDDEN=YES INIT8_RERUN_FORBIDDEN=YES M5N=FROZEN
== OBSERVER OUTPUT ==
2026-09-12T20:42:39.387Z  1789245759.388  ARTIFACT_IDENTITY MATCH size=37380096 sha256=948455f45b0d4cb8b7a2f7a26807c70aa4ef9b84e5d83a62c84d61401f83159f
2026-09-12T20:42:39.668Z  1789245759.668  PREFLIGHT product=thyme
2026-09-12T20:42:39.668Z  1789245759.669  PREFLIGHT unlocked=yes
2026-09-12T20:42:39.668Z  1789245759.669  PREFLIGHT current-slot=a
2026-09-12T20:42:39.668Z  1789245759.669  PREFLIGHT snapshot-update-status=none
2026-09-12T20:42:39.668Z  1789245759.669  PREFLIGHT battery-soc-ok=yes
2026-09-12T20:42:39.668Z  1789245759.669  PREFLIGHT battery-voltage=4408
2026-09-12T20:42:39.668Z  1789245759.669  PREFLIGHT max-download-size=805306368
2026-09-12T20:42:39.668Z  1789245759.669  PREFLIGHT slot-retry-count:a=6
2026-09-12T20:42:39.668Z  1789245759.669  PREFLIGHT slot-unbootable:a=no
2026-09-12T20:42:39.668Z  1789245759.669  PREFLIGHT slot-successful:a=yes
2026-09-12T20:42:39.668Z  1789245759.669  PREFLIGHT slot-retry-count:b=7
2026-09-12T20:42:39.668Z  1789245759.669  PREFLIGHT slot-unbootable:b=no
2026-09-12T20:42:39.668Z  1789245759.669  PREFLIGHT slot-successful:b=no

R3 P1B INIT8 FIRST MAINLINE CANDIDATE
ACTIVE SLOT:
A
PARTITION WRITES:
0
SET_ACTIVE:
NO
EXPERIMENTAL BOOTS:
1
LINUX:
6.6.156
RUNTIME DTB:
RT-D
BUILT-IN INIT:
/init
INIT DELAY:
8s
INIT24:
NOT AUTHORIZED
PRIMARY TIMING:
BOOTING_OKAY -> RETURNED ANDROID KERNEL START (INIT24 baseline)
COMMAND: fastboot boot <exact-P1B-INIT8-boot.img>
FORBIDDEN: flash erase set_active second boot INIT24

2026-09-12T20:42:40.072Z  1789245760.073  USB_BEFORE_BOOT usb=18d1:d00d
2026-09-12T20:42:40.072Z  1789245760.073  T_COMMAND_START
2026-09-12T20:42:41.009Z  1789245761.010  FASTBOOT_OUT Sending 'boot.img' (36504 KB)                      OKAY [  0.907s]
2026-09-12T20:42:41.009Z  1789245761.010  T_SENDING_OKAY
2026-09-12T20:42:41.229Z  1789245761.230  FASTBOOT_OUT Booting                                            OKAY [  0.220s]
2026-09-12T20:42:41.229Z  1789245761.230  T_BOOTING_OKAY
2026-09-12T20:42:41.230Z  1789245761.231  FASTBOOT_OUT Finished. Total time: 1.136s
2026-09-12T20:42:41.231Z  1789245761.232  FASTBOOT_BOOT_EXIT rc=0 sending_ok=True booting_ok=True fail=False
2026-09-12T20:42:42.501Z  1789245762.501  T_USB_NONE
2026-09-12T20:42:42.520Z  1789245762.520  T_FASTBOOT_DISAPPEAR
2026-09-12T20:43:13.556Z  1789245793.556  T_USB_FIRST_REENUM usb=18d1:4ee7
2026-09-12T20:43:13.669Z  1789245793.670  T_ADB_FIRST_SEEN
2026-09-12T20:43:14.001Z  1789245794.002  ADB_FIRST_SNAPSHOT host_before=2026-09-12T20:43:13.669Z host_after=2026-09-12T20:43:13.711Z proc_uptime=7.87 kernel_start=2026-09-12T20:43:05.799Z slot=_a uname=Linux localhost 4.19.157-perf-g9d90dd04aa7c #1 SMP PREEMPT Mon Sep 4 10:51:57 UTC 2023 aarch64 Toybox uid=uid=0(root) gid=0(root) groups=0(root) context=u:r:magisk:s0 boot_completed=None bootreason=NA
2026-09-12T20:43:14.001Z  1789245794.002  RETURNED_ANDROID_KERNEL_START=2026-09-12T20:43:05.799Z P1B_INIT8_BOOTING_TO_RETURNED_KERNEL_START=24.570 (future INIT24 differential baseline; no overhead model applied)
2026-09-12T20:43:23.819Z  1789245803.819  T_BOOT_COMPLETED
2026-09-12T20:43:24.061Z  1789245804.061  ANDROID_BOOT_COMPLETED_OBSERVED
2026-09-12T20:43:24.227Z  1789245804.228  BOOT_COMPLETED_SNAPSHOT host_before=2026-09-12T20:43:23.868Z host_after=2026-09-12T20:43:23.899Z proc_uptime=18.06 kernel_start=2026-09-12T20:43:05.808Z slot=_a uname=Linux localhost 4.19.157-perf-g9d90dd04aa7c #1 SMP PREEMPT Mon Sep 4 10:51:57 UTC 2023 aarch64 Toybox uid=uid=0(root) gid=0(root) groups=0(root) context=u:r:magisk:s0 boot_completed=1 bootreason=bootloader
2026-09-12T20:43:24.227Z  1789245804.228  RETURNED_ANDROID_KERNEL_START=2026-09-12T20:43:05.808Z P1B_INIT8_BOOTING_TO_RETURNED_KERNEL_START=24.579 (future INIT24 differential baseline; no overhead model applied)
2026-09-12T20:43:24.971Z  1789245804.972  SUMMARY T_COMMAND_START=2026-09-12T20:42:40.072Z
2026-09-12T20:43:24.971Z  1789245804.972  SUMMARY T_SENDING_OKAY=2026-09-12T20:42:41.009Z
2026-09-12T20:43:24.971Z  1789245804.972  SUMMARY T_BOOTING_OKAY=2026-09-12T20:42:41.229Z
2026-09-12T20:43:24.971Z  1789245804.972  SUMMARY T_FASTBOOT_DISAPPEAR=2026-09-12T20:42:42.520Z
2026-09-12T20:43:24.971Z  1789245804.972  SUMMARY T_USB_NONE=2026-09-12T20:42:42.501Z
2026-09-12T20:43:24.971Z  1789245804.972  SUMMARY T_USB_FIRST_REENUM=2026-09-12T20:43:13.556Z
2026-09-12T20:43:24.971Z  1789245804.972  SUMMARY T_ADB_FIRST_SEEN=2026-09-12T20:43:13.669Z
2026-09-12T20:43:24.971Z  1789245804.972  SUMMARY T_BOOT_COMPLETED=2026-09-12T20:43:23.819Z
2026-09-12T20:43:24.971Z  1789245804.972  SUMMARY RETURNED_ANDROID_KERNEL_START=2026-09-12T20:43:05.799Z
2026-09-12T20:43:24.971Z  1789245804.972  SUMMARY kernel_host_before=2026-09-12T20:43:13.669Z proc_uptime=7.87
2026-09-12T20:43:24.971Z  1789245804.972  SUMMARY FASTBOOT_TRANSIENT=False t=NA
2026-09-12T20:43:24.972Z  1789245804.972  SUMMARY P1B_AUTOMATIC_FASTBOOT_RETURN=False t=NA
2026-09-12T20:43:24.972Z  1789245804.972  SUMMARY RECOVERY_KIND=AUTOMATIC_ANDROID_RETURN
2026-09-12T20:43:24.972Z  1789245804.972  SUMMARY P1B_INIT8_BOOTING_TO_RETURNED_KERNEL_START=24.570 INIT24_BASELINE_SAVED=YES
2026-09-12T20:43:24.972Z  1789245804.972  ELAPSED_BOOTING_TO_ADB=32.440
2026-09-12T20:43:24.972Z  1789245804.972  ELAPSED_DISAPPEAR_TO_ADB=31.150
2026-09-12T20:43:24.972Z  1789245804.972  ELAPSED_BOOTING_TO_BOOT_COMPLETED=42.589
2026-09-12T20:43:24.972Z  1789245804.972  FINAL_USB=18d1:4ee7
2026-09-12T20:43:25.007Z  1789245805.008  FINAL_FASTBOOT=False FINAL_ADB=True
2026-09-12T20:43:25.008Z  1789245805.008  FINAL_SLOT=_a UNAME=Linux localhost 4.19.157-perf-g9d90dd04aa7c #1 SMP PREEMPT Mon Sep 4 10:51:57 UTC 2023 aarch64 Toybox UID=uid=0(root) gid=0(root) groups=0(root) context=u:r:magisk:s0 BOOTREASON=bootloader
